345 MHz, 74.75 W, 33, 0x0000000000000001
1980 MHz, 145.01 W, 36, 0x0000000000000000
1980 MHz, 203.70 W, 37, 0x0000000000000000
1980 MHz, 204.32 W, 37, 0x0000000000000000
1980 MHz, 204.42 W, 38, 0x0000000000000000
1980 MHz, 204.25 W, 38, 0x0000000000000000
1980 MHz, 204.22 W, 38, 0x0000000000000000
1980 MHz, 204.62 W, 38, 0x0000000000000000
1980 MHz, 204.67 W, 39, 0x0000000000000000
1980 MHz, 204.58 W, 39, 0x0000000000000000
1980 MHz, 204.85 W, 39, 0x0000000000000000
1980 MHz, 205.43 W, 39, 0x0000000000000000
1980 MHz, 205.64 W, 39, 0x0000000000000000
1980 MHz, 205.66 W, 39, 0x0000000000000000
1980 MHz, 205.84 W, 39, 0x0000000000000000
1980 MHz, 205.32 W, 39, 0x0000000000000000
1980 MHz, 205.39 W, 40, 0x0000000000000000
1980 MHz, 205.78 W, 40, 0x0000000000000000
1980 MHz, 205.13 W, 40, 0x0000000000000000
1980 MHz, 205.36 W, 40, 0x0000000000000000
1980 MHz, 206.06 W, 40, 0x0000000000000000
1980 MHz, 206.04 W, 40, 0x0000000000000000
1980 MHz, 205.68 W, 40, 0x0000000000000000
1980 MHz, 205.61 W, 40, 0x0000000000000000
1980 MHz, 205.88 W, 40, 0x0000000000000000
1980 MHz, 124.75 W, 38, 0x0000000000000000
