  1    10.76ms   23.76 TFLOPS
  2    10.72ms   23.84 TFLOPS
  3    10.73ms   23.83 TFLOPS
  4    10.73ms   23.81 TFLOPS
  5    10.73ms   23.83 TFLOPS
  6    10.74ms   23.81 TFLOPS
  7    10.75ms   23.77 TFLOPS
  8    10.76ms   23.76 TFLOPS
  9    10.75ms   23.78 TFLOPS
 10    10.74ms   23.79 TFLOPS
 11    10.76ms   23.75 TFLOPS
 12    10.75ms   23.77 TFLOPS
 13    10.75ms   23.77 TFLOPS
 14    10.75ms   23.77 TFLOPS
 15    10.76ms   23.74 TFLOPS
 16    10.74ms   23.79 TFLOPS
 17    10.73ms   23.83 TFLOPS
 18    10.73ms   23.82 TFLOPS
 19    10.73ms   23.82 TFLOPS
 20    10.73ms   23.81 TFLOPS
 21    10.72ms   23.84 TFLOPS
 22    10.72ms   23.84 TFLOPS
 23    10.73ms   23.81 TFLOPS
 24    10.72ms   23.83 TFLOPS
 25    10.73ms   23.82 TFLOPS
 26    10.74ms   23.80 TFLOPS
 27    10.73ms   23.82 TFLOPS
 28    10.73ms   23.81 TFLOPS
 29    10.73ms   23.81 TFLOPS
 30    10.73ms   23.82 TFLOPS
 31    10.73ms   23.83 TFLOPS
 32    10.73ms   23.81 TFLOPS
 33    10.73ms   23.83 TFLOPS
 34    10.73ms   23.81 TFLOPS
 35    10.73ms   23.83 TFLOPS
 36    10.73ms   23.82 TFLOPS
 37    10.73ms   23.83 TFLOPS
 38    10.73ms   23.83 TFLOPS
 39    10.72ms   23.84 TFLOPS
 40    10.73ms   23.81 TFLOPS
 41    10.73ms   23.82 TFLOPS
 42    10.73ms   23.82 TFLOPS
 43    10.73ms   23.83 TFLOPS
 44    10.73ms   23.82 TFLOPS
 45    10.73ms   23.82 TFLOPS
 46    10.73ms   23.83 TFLOPS
 47    10.73ms   23.82 TFLOPS
 48    10.73ms   23.82 TFLOPS
 49    10.73ms   23.82 TFLOPS
 50    10.73ms   23.82 TFLOPS
 51    10.73ms   23.82 TFLOPS
 52    10.74ms   23.80 TFLOPS
 53    10.74ms   23.81 TFLOPS
 54    10.73ms   23.82 TFLOPS
 55    10.74ms   23.81 TFLOPS
 56    10.72ms   23.84 TFLOPS
 57    10.73ms   23.82 TFLOPS
 58    10.72ms   23.84 TFLOPS
 59    10.73ms   23.82 TFLOPS
 60    10.73ms   23.81 TFLOPS
 61    10.73ms   23.83 TFLOPS
 62    10.72ms   23.84 TFLOPS
 63    10.73ms   23.82 TFLOPS
 64    10.72ms   23.84 TFLOPS
 65    10.72ms   23.84 TFLOPS
 66    10.73ms   23.82 TFLOPS
 67    10.73ms   23.83 TFLOPS
 68    10.73ms   23.82 TFLOPS
 69    10.72ms   23.83 TFLOPS
 70    10.73ms   23.82 TFLOPS
 71    10.73ms   23.82 TFLOPS
 72    10.73ms   23.82 TFLOPS
 73    10.73ms   23.81 TFLOPS
 74    10.73ms   23.83 TFLOPS
 75    10.73ms   23.83 TFLOPS
 76    10.73ms   23.83 TFLOPS
 77    10.73ms   23.82 TFLOPS
 78    10.73ms   23.83 TFLOPS
 79    10.73ms   23.82 TFLOPS
 80    10.73ms   23.83 TFLOPS
 81    10.73ms   23.82 TFLOPS
 82    10.72ms   23.84 TFLOPS
 83    10.73ms   23.83 TFLOPS
 84    10.73ms   23.83 TFLOPS
 85    10.74ms   23.80 TFLOPS
 86    10.73ms   23.82 TFLOPS
 87    10.73ms   23.82 TFLOPS
 88    10.74ms   23.80 TFLOPS
 89    10.73ms   23.82 TFLOPS
 90    10.74ms   23.80 TFLOPS
 91    10.72ms   23.84 TFLOPS
 92    10.73ms   23.82 TFLOPS
 93    10.74ms   23.80 TFLOPS
 94    10.73ms   23.82 TFLOPS
 95    10.72ms   23.83 TFLOPS
 96    10.75ms   23.79 TFLOPS
 97    10.74ms   23.81 TFLOPS
 98    10.73ms   23.82 TFLOPS
 99    10.73ms   23.81 TFLOPS
100    10.72ms   23.83 TFLOPS
101    10.73ms   23.83 TFLOPS
102    10.74ms   23.81 TFLOPS
103    10.73ms   23.82 TFLOPS
104    10.74ms   23.81 TFLOPS
105    10.73ms   23.83 TFLOPS
106    10.74ms   23.81 TFLOPS
107    10.72ms   23.84 TFLOPS
108    10.73ms   23.82 TFLOPS
109    10.73ms   23.81 TFLOPS
110    10.73ms   23.82 TFLOPS
111    10.73ms   23.83 TFLOPS
112    10.73ms   23.82 TFLOPS
113    10.73ms   23.83 TFLOPS
114    10.73ms   23.82 TFLOPS
115    10.74ms   23.81 TFLOPS
116    10.72ms   23.84 TFLOPS
117    10.73ms   23.83 TFLOPS
118    10.73ms   23.82 TFLOPS
119    10.73ms   23.82 TFLOPS
120    10.73ms   23.82 TFLOPS
121    10.72ms   23.84 TFLOPS
122    10.72ms   23.83 TFLOPS
123    10.73ms   23.82 TFLOPS
124    10.72ms   23.83 TFLOPS
125    10.73ms   23.83 TFLOPS
126    10.72ms   23.84 TFLOPS
127    10.73ms   23.81 TFLOPS
128    10.73ms   23.81 TFLOPS
129    10.74ms   23.80 TFLOPS
130    10.73ms   23.83 TFLOPS
131    10.72ms   23.84 TFLOPS
132    10.73ms   23.82 TFLOPS
133    10.74ms   23.81 TFLOPS
134    10.72ms   23.85 TFLOPS
135    10.72ms   23.84 TFLOPS
136    10.73ms   23.82 TFLOPS
137    10.73ms   23.82 TFLOPS
138    10.73ms   23.81 TFLOPS
139    10.73ms   23.82 TFLOPS
140    10.73ms   23.81 TFLOPS
141    10.73ms   23.82 TFLOPS
142    10.72ms   23.84 TFLOPS
143    10.73ms   23.82 TFLOPS
144    10.73ms   23.81 TFLOPS
145    10.73ms   23.82 TFLOPS
146    10.73ms   23.81 TFLOPS
147    10.73ms   23.82 TFLOPS
148    10.72ms   23.84 TFLOPS
149    10.74ms   23.80 TFLOPS
150    10.73ms   23.83 TFLOPS
151    10.73ms   23.81 TFLOPS
152    10.73ms   23.82 TFLOPS
153    10.73ms   23.82 TFLOPS
154    10.72ms   23.84 TFLOPS
155    10.73ms   23.83 TFLOPS
156    10.73ms   23.82 TFLOPS
157    10.72ms   23.83 TFLOPS
158    10.72ms   23.84 TFLOPS
159    10.73ms   23.82 TFLOPS
160    10.73ms   23.82 TFLOPS
161    10.72ms   23.84 TFLOPS
162    10.73ms   23.82 TFLOPS
163    10.73ms   23.83 TFLOPS
164    10.72ms   23.85 TFLOPS
165    10.73ms   23.83 TFLOPS
166    10.73ms   23.83 TFLOPS
167    10.74ms   23.80 TFLOPS
168    10.73ms   23.82 TFLOPS
169    10.74ms   23.81 TFLOPS
170    10.73ms   23.82 TFLOPS
171    10.74ms   23.79 TFLOPS
172    10.72ms   23.85 TFLOPS
173    10.73ms   23.82 TFLOPS
174    10.73ms   23.83 TFLOPS
175    10.73ms   23.82 TFLOPS
176    10.73ms   23.82 TFLOPS
177    10.74ms   23.80 TFLOPS
178    10.72ms   23.84 TFLOPS
179    10.72ms   23.84 TFLOPS
180    10.74ms   23.80 TFLOPS
181    10.72ms   23.84 TFLOPS
182    10.73ms   23.83 TFLOPS
183    10.74ms   23.79 TFLOPS
184    10.72ms   23.84 TFLOPS
185    10.72ms   23.85 TFLOPS
186    10.73ms   23.82 TFLOPS
187    10.73ms   23.82 TFLOPS
188    10.72ms   23.83 TFLOPS
189    10.73ms   23.82 TFLOPS
190    10.74ms   23.80 TFLOPS
191    10.74ms   23.80 TFLOPS
192    10.74ms   23.80 TFLOPS
193    10.73ms   23.82 TFLOPS
194    10.74ms   23.80 TFLOPS
195    10.72ms   23.83 TFLOPS
196    10.72ms   23.83 TFLOPS
197    10.72ms   23.83 TFLOPS
198    10.73ms   23.82 TFLOPS
199    10.74ms   23.81 TFLOPS
200    10.73ms   23.82 TFLOPS
201    10.72ms   23.83 TFLOPS
202    10.73ms   23.81 TFLOPS
203    10.74ms   23.81 TFLOPS
204    10.73ms   23.83 TFLOPS
205    10.73ms   23.82 TFLOPS
206    10.73ms   23.81 TFLOPS
207    10.72ms   23.83 TFLOPS
208    10.74ms   23.80 TFLOPS
209    10.73ms   23.82 TFLOPS
210    10.73ms   23.81 TFLOPS
211    10.74ms   23.80 TFLOPS
212    10.73ms   23.82 TFLOPS
213    10.72ms   23.83 TFLOPS
214    10.73ms   23.82 TFLOPS
215    10.72ms   23.83 TFLOPS
216    10.72ms   23.83 TFLOPS
217    10.74ms   23.80 TFLOPS
218    10.73ms   23.83 TFLOPS
219    10.72ms   23.83 TFLOPS
220    10.73ms   23.83 TFLOPS
221    10.72ms   23.84 TFLOPS
222    10.72ms   23.84 TFLOPS
223    10.73ms   23.81 TFLOPS
224    10.73ms   23.82 TFLOPS
225    10.74ms   23.80 TFLOPS
226    10.72ms   23.84 TFLOPS
227    10.73ms   23.82 TFLOPS
228    10.73ms   23.82 TFLOPS
229    10.73ms   23.82 TFLOPS
230    10.72ms   23.83 TFLOPS
231    10.72ms   23.84 TFLOPS
232    10.73ms   23.82 TFLOPS
233    10.72ms   23.84 TFLOPS
234    10.74ms   23.80 TFLOPS
235    10.73ms   23.81 TFLOPS
236    10.73ms   23.83 TFLOPS
237    10.74ms   23.79 TFLOPS
238    10.72ms   23.84 TFLOPS
239    10.74ms   23.80 TFLOPS
240    10.73ms   23.82 TFLOPS
241    10.73ms   23.83 TFLOPS
242    10.73ms   23.81 TFLOPS
243    10.72ms   23.84 TFLOPS
244    10.73ms   23.82 TFLOPS
245    10.73ms   23.82 TFLOPS
246    10.73ms   23.82 TFLOPS
247    10.74ms   23.80 TFLOPS
248    10.73ms   23.82 TFLOPS
249    10.72ms   23.84 TFLOPS
250    10.73ms   23.82 TFLOPS
251    10.72ms   23.83 TFLOPS
252    10.73ms   23.82 TFLOPS
253    10.73ms   23.82 TFLOPS
254    10.74ms   23.81 TFLOPS
255    10.73ms   23.82 TFLOPS
256    10.73ms   23.82 TFLOPS
257    10.73ms   23.82 TFLOPS
258    10.73ms   23.81 TFLOPS
259    10.72ms   23.84 TFLOPS
260    10.72ms   23.84 TFLOPS
261    10.74ms   23.80 TFLOPS
262    10.73ms   23.83 TFLOPS
263    10.72ms   23.84 TFLOPS
264    10.73ms   23.82 TFLOPS
265    10.73ms   23.83 TFLOPS
266    10.73ms   23.81 TFLOPS
267    10.74ms   23.81 TFLOPS
268    10.73ms   23.83 TFLOPS
269    10.73ms   23.82 TFLOPS
270    10.73ms   23.82 TFLOPS
271    10.72ms   23.84 TFLOPS
272    10.73ms   23.83 TFLOPS
273    10.73ms   23.81 TFLOPS
274    10.73ms   23.82 TFLOPS
275    10.73ms   23.82 TFLOPS
276    10.72ms   23.84 TFLOPS
277    10.74ms   23.80 TFLOPS
278    10.72ms   23.84 TFLOPS
279    10.72ms   23.84 TFLOPS
280    10.75ms   23.78 TFLOPS
281    10.73ms   23.83 TFLOPS
282    10.72ms   23.84 TFLOPS
283    10.72ms   23.83 TFLOPS
284    10.74ms   23.81 TFLOPS
285    10.72ms   23.84 TFLOPS
286    10.72ms   23.83 TFLOPS
287    10.73ms   23.82 TFLOPS
288    10.73ms   23.82 TFLOPS
289    10.73ms   23.82 TFLOPS
290    10.73ms   23.83 TFLOPS
291    10.73ms   23.83 TFLOPS
292    10.72ms   23.84 TFLOPS
293    10.74ms   23.81 TFLOPS
294    10.73ms   23.82 TFLOPS
295    10.73ms   23.81 TFLOPS
296    10.73ms   23.81 TFLOPS
297    10.73ms   23.83 TFLOPS
298    10.72ms   23.85 TFLOPS
299    10.72ms   23.84 TFLOPS
300    10.73ms   23.82 TFLOPS
301    10.74ms   23.81 TFLOPS
302    10.72ms   23.84 TFLOPS
303    10.73ms   23.82 TFLOPS
304    10.73ms   23.83 TFLOPS
305    10.72ms   23.84 TFLOPS
306    10.73ms   23.82 TFLOPS
307    10.75ms   23.78 TFLOPS
308    10.73ms   23.81 TFLOPS
309    10.73ms   23.82 TFLOPS
310    10.72ms   23.83 TFLOPS
311    10.75ms   23.77 TFLOPS
312    10.72ms   23.84 TFLOPS
313    10.72ms   23.84 TFLOPS
314    10.72ms   23.83 TFLOPS
315    10.73ms   23.82 TFLOPS
316    10.72ms   23.84 TFLOPS
317    10.73ms   23.82 TFLOPS
318    10.74ms   23.81 TFLOPS
319    10.72ms   23.84 TFLOPS
320    10.73ms   23.83 TFLOPS
321    10.73ms   23.83 TFLOPS
322    10.72ms   23.84 TFLOPS
323    10.73ms   23.81 TFLOPS
324    10.73ms   23.82 TFLOPS
325    10.73ms   23.81 TFLOPS
326    10.73ms   23.81 TFLOPS
327    10.72ms   23.83 TFLOPS
328    10.73ms   23.81 TFLOPS
329    10.73ms   23.82 TFLOPS
330    10.72ms   23.84 TFLOPS
331    10.73ms   23.82 TFLOPS
332    10.75ms   23.77 TFLOPS
333    10.74ms   23.80 TFLOPS
334    10.73ms   23.82 TFLOPS
335    10.73ms   23.81 TFLOPS
336    10.73ms   23.82 TFLOPS
337    10.72ms   23.84 TFLOPS
338    10.73ms   23.83 TFLOPS
339    10.73ms   23.83 TFLOPS
340    10.74ms   23.80 TFLOPS
341    10.72ms   23.83 TFLOPS
342    10.73ms   23.82 TFLOPS
343    10.74ms   23.80 TFLOPS
344    10.72ms   23.83 TFLOPS
345    10.73ms   23.83 TFLOPS
346    10.72ms   23.83 TFLOPS
347    10.73ms   23.83 TFLOPS
348    10.74ms   23.80 TFLOPS
349    10.73ms   23.82 TFLOPS
350    10.73ms   23.83 TFLOPS
351    10.73ms   23.83 TFLOPS
352    10.72ms   23.83 TFLOPS
353    10.73ms   23.82 TFLOPS
354    10.73ms   23.82 TFLOPS
355    10.73ms   23.82 TFLOPS
356    10.74ms   23.80 TFLOPS
357    10.73ms   23.82 TFLOPS
358    10.72ms   23.84 TFLOPS
359    10.73ms   23.81 TFLOPS
360    10.73ms   23.83 TFLOPS
361    10.72ms   23.84 TFLOPS
362    10.73ms   23.83 TFLOPS
363    10.72ms   23.83 TFLOPS
364    10.73ms   23.82 TFLOPS
365    10.73ms   23.83 TFLOPS
366    10.74ms   23.81 TFLOPS
367    10.73ms   23.82 TFLOPS
368    10.73ms   23.82 TFLOPS
369    10.72ms   23.85 TFLOPS
370    10.73ms   23.83 TFLOPS
371    10.73ms   23.81 TFLOPS
372    10.74ms   23.79 TFLOPS
373    10.73ms   23.82 TFLOPS
374    10.73ms   23.83 TFLOPS
375    10.73ms   23.82 TFLOPS
376    10.72ms   23.84 TFLOPS
377    10.74ms   23.81 TFLOPS
378    10.72ms   23.84 TFLOPS
379    10.72ms   23.85 TFLOPS
380    10.73ms   23.83 TFLOPS
381    10.74ms   23.81 TFLOPS
382    10.72ms   23.83 TFLOPS
383    10.73ms   23.82 TFLOPS
384    10.74ms   23.80 TFLOPS
385    10.72ms   23.83 TFLOPS
386    10.73ms   23.82 TFLOPS
387    10.73ms   23.82 TFLOPS
388    10.73ms   23.81 TFLOPS
389    10.73ms   23.82 TFLOPS
390    10.73ms   23.82 TFLOPS
391    10.73ms   23.81 TFLOPS
392    10.72ms   23.83 TFLOPS
393    10.73ms   23.81 TFLOPS
394    10.73ms   23.82 TFLOPS
395    10.73ms   23.82 TFLOPS
396    10.73ms   23.82 TFLOPS
397    10.74ms   23.80 TFLOPS
398    10.72ms   23.83 TFLOPS
399    10.73ms   23.81 TFLOPS
400    10.73ms   23.82 TFLOPS
401    10.74ms   23.80 TFLOPS
402    10.72ms   23.85 TFLOPS
403    10.72ms   23.83 TFLOPS
404    10.73ms   23.83 TFLOPS
405    10.73ms   23.82 TFLOPS
406    10.73ms   23.82 TFLOPS
407    10.72ms   23.83 TFLOPS
408    10.72ms   23.83 TFLOPS
409    10.72ms   23.84 TFLOPS
410    10.73ms   23.81 TFLOPS
411    10.73ms   23.81 TFLOPS
412    10.73ms   23.82 TFLOPS
413    10.75ms   23.78 TFLOPS
414    10.74ms   23.80 TFLOPS
415    10.73ms   23.83 TFLOPS
416    10.73ms   23.82 TFLOPS
417    10.72ms   23.83 TFLOPS
418    10.73ms   23.82 TFLOPS
419    10.73ms   23.83 TFLOPS
420    10.73ms   23.81 TFLOPS
421    10.72ms   23.84 TFLOPS
422    10.73ms   23.82 TFLOPS
423    10.73ms   23.82 TFLOPS
424    10.73ms   23.83 TFLOPS
425    10.73ms   23.82 TFLOPS
426    10.73ms   23.82 TFLOPS
427    10.72ms   23.83 TFLOPS
428    10.72ms   23.83 TFLOPS
429    10.73ms   23.82 TFLOPS
430    10.73ms   23.82 TFLOPS
431    10.72ms   23.84 TFLOPS
432    10.72ms   23.83 TFLOPS
433    10.73ms   23.82 TFLOPS
434    10.73ms   23.82 TFLOPS
435    10.72ms   23.83 TFLOPS
436    10.73ms   23.82 TFLOPS
437    10.72ms   23.83 TFLOPS
438    10.73ms   23.83 TFLOPS
439    10.74ms   23.80 TFLOPS
440    10.73ms   23.82 TFLOPS
441    10.73ms   23.82 TFLOPS
442    10.72ms   23.85 TFLOPS
443    10.74ms   23.80 TFLOPS
444    10.74ms   23.80 TFLOPS
445    10.73ms   23.83 TFLOPS
446    10.73ms   23.83 TFLOPS
447    10.73ms   23.82 TFLOPS
448    10.73ms   23.83 TFLOPS
449    10.72ms   23.84 TFLOPS
450    10.72ms   23.83 TFLOPS
451    10.73ms   23.83 TFLOPS
452    10.73ms   23.81 TFLOPS
453    10.73ms   23.82 TFLOPS
454    10.73ms   23.82 TFLOPS
455    10.73ms   23.82 TFLOPS
456    10.75ms   23.78 TFLOPS
457    10.74ms   23.81 TFLOPS
458    10.73ms   23.81 TFLOPS
459    10.73ms   23.82 TFLOPS
460    10.72ms   23.84 TFLOPS
461    10.73ms   23.82 TFLOPS
462    10.73ms   23.82 TFLOPS
463    10.73ms   23.83 TFLOPS
464    10.73ms   23.82 TFLOPS
465    10.74ms   23.81 TFLOPS
466    10.72ms   23.84 TFLOPS
467    10.72ms   23.84 TFLOPS
468    10.72ms   23.83 TFLOPS
469    10.73ms   23.82 TFLOPS
470    10.72ms   23.83 TFLOPS
471    10.73ms   23.83 TFLOPS
472    10.73ms   23.82 TFLOPS
473    10.72ms   23.83 TFLOPS
474    10.73ms   23.82 TFLOPS
475    10.72ms   23.83 TFLOPS
476    10.72ms   23.84 TFLOPS
477    10.73ms   23.81 TFLOPS
478    10.73ms   23.83 TFLOPS
479    10.74ms   23.81 TFLOPS
480    10.73ms   23.82 TFLOPS
481    10.73ms   23.82 TFLOPS
482    10.73ms   23.82 TFLOPS
483    10.73ms   23.83 TFLOPS
484    10.72ms   23.83 TFLOPS
485    10.73ms   23.83 TFLOPS
486    10.74ms   23.81 TFLOPS
487    10.73ms   23.82 TFLOPS
488    10.73ms   23.83 TFLOPS
489    10.73ms   23.81 TFLOPS
490    10.72ms   23.84 TFLOPS
491    10.74ms   23.80 TFLOPS
492    10.73ms   23.83 TFLOPS
493    10.72ms   23.85 TFLOPS
494    10.73ms   23.83 TFLOPS
495    10.73ms   23.82 TFLOPS
496    10.74ms   23.79 TFLOPS
497    10.72ms   23.84 TFLOPS
498    10.74ms   23.80 TFLOPS
499    10.72ms   23.84 TFLOPS
500    10.73ms   23.82 TFLOPS
501    10.73ms   23.81 TFLOPS
502    10.73ms   23.81 TFLOPS
503    10.72ms   23.83 TFLOPS
504    10.73ms   23.82 TFLOPS
505    10.73ms   23.82 TFLOPS
506    10.74ms   23.80 TFLOPS
507    10.73ms   23.83 TFLOPS
508    10.73ms   23.82 TFLOPS
509    10.71ms   23.86 TFLOPS
510    10.73ms   23.82 TFLOPS
511    10.74ms   23.80 TFLOPS
512    10.74ms   23.81 TFLOPS
513    10.73ms   23.81 TFLOPS
514    10.73ms   23.83 TFLOPS
515    10.72ms   23.83 TFLOPS
516    10.72ms   23.84 TFLOPS
517    10.72ms   23.84 TFLOPS
518    10.73ms   23.82 TFLOPS
519    10.73ms   23.82 TFLOPS
520    10.72ms   23.84 TFLOPS
521    10.73ms   23.82 TFLOPS
522    10.74ms   23.81 TFLOPS
523    10.72ms   23.84 TFLOPS
524    10.72ms   23.83 TFLOPS
525    10.74ms   23.81 TFLOPS
526    10.73ms   23.82 TFLOPS
527    10.72ms   23.84 TFLOPS
528    10.72ms   23.83 TFLOPS
529    10.73ms   23.82 TFLOPS
530    10.73ms   23.83 TFLOPS
531    10.73ms   23.81 TFLOPS
532    10.72ms   23.84 TFLOPS
533    10.73ms   23.82 TFLOPS
534    10.73ms   23.81 TFLOPS
535    10.73ms   23.81 TFLOPS
536    10.73ms   23.83 TFLOPS
537    10.72ms   23.84 TFLOPS
538    10.73ms   23.82 TFLOPS
539    10.73ms   23.82 TFLOPS
540    10.72ms   23.83 TFLOPS
541    10.72ms   23.84 TFLOPS
542    10.72ms   23.84 TFLOPS
543    10.73ms   23.82 TFLOPS
544    10.73ms   23.82 TFLOPS
545    10.72ms   23.83 TFLOPS
546    10.73ms   23.82 TFLOPS
547    10.74ms   23.81 TFLOPS
548    10.74ms   23.80 TFLOPS
549    10.72ms   23.84 TFLOPS
550    10.73ms   23.83 TFLOPS
551    10.72ms   23.83 TFLOPS
552    10.73ms   23.83 TFLOPS
553    10.73ms   23.82 TFLOPS
554    10.75ms   23.79 TFLOPS
555    10.73ms   23.82 TFLOPS
556    10.73ms   23.81 TFLOPS
557    10.73ms   23.82 TFLOPS
558    10.74ms   23.81 TFLOPS
559    10.72ms   23.84 TFLOPS
560    10.72ms   23.85 TFLOPS
561    10.72ms   23.83 TFLOPS
562    10.73ms   23.83 TFLOPS
563    10.73ms   23.81 TFLOPS
564    10.72ms   23.84 TFLOPS
565    10.74ms   23.80 TFLOPS
566    10.73ms   23.82 TFLOPS
567    10.73ms   23.82 TFLOPS
568    10.73ms   23.82 TFLOPS
569    10.73ms   23.82 TFLOPS
570    10.74ms   23.80 TFLOPS
571    10.72ms   23.83 TFLOPS
572    10.73ms   23.83 TFLOPS
573    10.73ms   23.82 TFLOPS
574    10.72ms   23.83 TFLOPS
575    10.75ms   23.77 TFLOPS
576    10.73ms   23.83 TFLOPS
577    10.73ms   23.83 TFLOPS
578    10.73ms   23.81 TFLOPS
579    10.74ms   23.79 TFLOPS
580    10.73ms   23.82 TFLOPS
581    10.73ms   23.83 TFLOPS
582    10.73ms   23.82 TFLOPS
583    10.72ms   23.85 TFLOPS
584    10.73ms   23.81 TFLOPS
585    10.73ms   23.83 TFLOPS
586    10.72ms   23.83 TFLOPS
587    10.72ms   23.83 TFLOPS
588    10.73ms   23.82 TFLOPS
589    10.73ms   23.82 TFLOPS
590    10.74ms   23.80 TFLOPS
591    10.73ms   23.81 TFLOPS
592    10.73ms   23.82 TFLOPS
593    10.73ms   23.83 TFLOPS
594    10.73ms   23.82 TFLOPS
595    10.72ms   23.84 TFLOPS
596    10.73ms   23.81 TFLOPS
597    10.74ms   23.80 TFLOPS
598    10.72ms   23.83 TFLOPS
599    10.73ms   23.81 TFLOPS
600    10.74ms   23.81 TFLOPS
601    10.74ms   23.81 TFLOPS
602    10.72ms   23.84 TFLOPS
603    10.72ms   23.83 TFLOPS
604    10.72ms   23.83 TFLOPS
605    10.73ms   23.81 TFLOPS
606    10.73ms   23.82 TFLOPS
607    10.73ms   23.83 TFLOPS
608    10.72ms   23.84 TFLOPS
609    10.73ms   23.82 TFLOPS
610    10.72ms   23.83 TFLOPS
611    10.72ms   23.85 TFLOPS
612    10.72ms   23.83 TFLOPS
613    10.73ms   23.83 TFLOPS
614    10.73ms   23.82 TFLOPS
615    10.73ms   23.82 TFLOPS
616    10.74ms   23.80 TFLOPS
617    10.74ms   23.80 TFLOPS
618    10.74ms   23.80 TFLOPS
619    10.72ms   23.84 TFLOPS
620    10.73ms   23.83 TFLOPS
621    10.73ms   23.81 TFLOPS
622    10.73ms   23.82 TFLOPS
623    10.73ms   23.83 TFLOPS
624    10.73ms   23.82 TFLOPS
625    10.73ms   23.83 TFLOPS
626    10.72ms   23.84 TFLOPS
627    10.72ms   23.83 TFLOPS
628    10.73ms   23.83 TFLOPS
629    10.72ms   23.84 TFLOPS
630    10.73ms   23.83 TFLOPS
631    10.73ms   23.82 TFLOPS
632    10.74ms   23.80 TFLOPS
633    10.74ms   23.80 TFLOPS
634    10.72ms   23.84 TFLOPS
635    10.73ms   23.82 TFLOPS
636    10.73ms   23.83 TFLOPS
637    10.72ms   23.83 TFLOPS
638    10.73ms   23.82 TFLOPS
639    10.73ms   23.82 TFLOPS
640    10.73ms   23.82 TFLOPS
641    10.75ms   23.78 TFLOPS
642    10.73ms   23.83 TFLOPS
643    10.72ms   23.84 TFLOPS
644    10.73ms   23.83 TFLOPS
645    10.75ms   23.78 TFLOPS
646    10.73ms   23.82 TFLOPS
647    10.74ms   23.79 TFLOPS
648    10.73ms   23.81 TFLOPS
649    10.72ms   23.85 TFLOPS
650    10.74ms   23.79 TFLOPS
651    10.75ms   23.78 TFLOPS
652    10.72ms   23.84 TFLOPS
653    10.72ms   23.84 TFLOPS
654    10.73ms   23.82 TFLOPS
655    10.73ms   23.82 TFLOPS
656    10.74ms   23.81 TFLOPS
657    10.73ms   23.81 TFLOPS
658    10.74ms   23.81 TFLOPS
659    10.72ms   23.85 TFLOPS
660    10.73ms   23.83 TFLOPS
661    10.73ms   23.83 TFLOPS
662    10.73ms   23.81 TFLOPS
663    10.73ms   23.82 TFLOPS
664    10.73ms   23.82 TFLOPS
665    10.74ms   23.81 TFLOPS
666    10.73ms   23.81 TFLOPS
667    10.74ms   23.80 TFLOPS
668    10.73ms   23.82 TFLOPS
669    10.72ms   23.84 TFLOPS
670    10.73ms   23.82 TFLOPS
671    10.73ms   23.82 TFLOPS
672    10.73ms   23.82 TFLOPS
673    10.72ms   23.84 TFLOPS
674    10.73ms   23.82 TFLOPS
675    10.73ms   23.82 TFLOPS
676    10.73ms   23.82 TFLOPS
677    10.73ms   23.82 TFLOPS
678    10.75ms   23.78 TFLOPS
679    10.73ms   23.83 TFLOPS
680    10.73ms   23.82 TFLOPS
681    10.72ms   23.83 TFLOPS
682    10.73ms   23.81 TFLOPS
683    10.74ms   23.81 TFLOPS
684    10.74ms   23.80 TFLOPS
685    10.73ms   23.83 TFLOPS
686    10.72ms   23.83 TFLOPS
687    10.73ms   23.82 TFLOPS
688    10.72ms   23.83 TFLOPS
689    10.72ms   23.83 TFLOPS
690    10.72ms   23.83 TFLOPS
691    10.73ms   23.82 TFLOPS
692    10.74ms   23.81 TFLOPS
693    10.73ms   23.83 TFLOPS
694    10.73ms   23.81 TFLOPS
695    10.74ms   23.81 TFLOPS
696    10.73ms   23.82 TFLOPS
697    10.73ms   23.82 TFLOPS
698    10.74ms   23.80 TFLOPS
699    10.73ms   23.83 TFLOPS
700    10.73ms   23.83 TFLOPS
701    10.73ms   23.83 TFLOPS
702    10.73ms   23.82 TFLOPS
703    10.72ms   23.84 TFLOPS
704    10.72ms   23.83 TFLOPS
705    10.73ms   23.83 TFLOPS
706    10.73ms   23.83 TFLOPS
707    10.73ms   23.83 TFLOPS
708    10.73ms   23.82 TFLOPS
709    10.72ms   23.83 TFLOPS
710    10.73ms   23.82 TFLOPS
711    10.72ms   23.83 TFLOPS
712    10.73ms   23.82 TFLOPS
713    10.73ms   23.83 TFLOPS
714    10.73ms   23.83 TFLOPS
715    10.73ms   23.83 TFLOPS
716    10.73ms   23.82 TFLOPS
717    10.73ms   23.82 TFLOPS
718    10.73ms   23.82 TFLOPS
719    10.73ms   23.83 TFLOPS
720    10.72ms   23.85 TFLOPS
721    10.72ms   23.85 TFLOPS
722    10.72ms   23.83 TFLOPS
723    10.74ms   23.80 TFLOPS
724    10.72ms   23.84 TFLOPS
725    10.73ms   23.82 TFLOPS
726    10.75ms   23.78 TFLOPS
727    10.72ms   23.84 TFLOPS
728    10.73ms   23.83 TFLOPS
729    10.73ms   23.82 TFLOPS
730    10.73ms   23.81 TFLOPS
731    10.73ms   23.81 TFLOPS
732    10.73ms   23.83 TFLOPS
733    10.72ms   23.84 TFLOPS
734    10.73ms   23.83 TFLOPS
735    10.73ms   23.81 TFLOPS
736    10.72ms   23.84 TFLOPS
737    10.72ms   23.83 TFLOPS
738    10.74ms   23.79 TFLOPS
739    10.73ms   23.82 TFLOPS
740    10.73ms   23.82 TFLOPS
741    10.72ms   23.84 TFLOPS
742    10.73ms   23.83 TFLOPS
743    10.73ms   23.82 TFLOPS
744    10.73ms   23.83 TFLOPS
745    10.73ms   23.82 TFLOPS
746    10.73ms   23.82 TFLOPS
747    10.74ms   23.79 TFLOPS
748    10.74ms   23.81 TFLOPS
749    10.72ms   23.85 TFLOPS
750    10.73ms   23.83 TFLOPS
751    10.73ms   23.82 TFLOPS
752    10.73ms   23.82 TFLOPS
753    10.73ms   23.83 TFLOPS
754    10.74ms   23.80 TFLOPS
755    10.73ms   23.82 TFLOPS
756    10.73ms   23.81 TFLOPS
757    10.72ms   23.84 TFLOPS
758    10.72ms   23.84 TFLOPS
759    10.73ms   23.82 TFLOPS
760    10.73ms   23.82 TFLOPS
761    10.73ms   23.82 TFLOPS
762    10.73ms   23.83 TFLOPS
763    10.73ms   23.82 TFLOPS
764    10.72ms   23.84 TFLOPS
765    10.73ms   23.82 TFLOPS
766    10.74ms   23.81 TFLOPS
767    10.73ms   23.83 TFLOPS
768    10.73ms   23.82 TFLOPS
769    10.73ms   23.82 TFLOPS
770    10.73ms   23.83 TFLOPS
771    10.73ms   23.81 TFLOPS
772    10.72ms   23.84 TFLOPS
773    10.72ms   23.84 TFLOPS
774    10.73ms   23.82 TFLOPS
775    10.73ms   23.83 TFLOPS
776    10.72ms   23.83 TFLOPS
777    10.73ms   23.81 TFLOPS
778    10.72ms   23.83 TFLOPS
779    10.73ms   23.82 TFLOPS
780    10.72ms   23.84 TFLOPS
781    10.73ms   23.82 TFLOPS
782    10.73ms   23.82 TFLOPS
783    10.73ms   23.81 TFLOPS
784    10.72ms   23.84 TFLOPS
785    10.73ms   23.82 TFLOPS
786    10.73ms   23.83 TFLOPS
787    10.73ms   23.83 TFLOPS
788    10.73ms   23.81 TFLOPS
789    10.73ms   23.81 TFLOPS
790    10.74ms   23.80 TFLOPS
791    10.73ms   23.83 TFLOPS
792    10.73ms   23.83 TFLOPS
793    10.73ms   23.82 TFLOPS
794    10.72ms   23.84 TFLOPS
795    10.73ms   23.82 TFLOPS
796    10.74ms   23.81 TFLOPS
797    10.73ms   23.82 TFLOPS
798    10.74ms   23.80 TFLOPS
799    10.73ms   23.83 TFLOPS
800    10.73ms   23.83 TFLOPS
801    10.73ms   23.82 TFLOPS
802    10.72ms   23.83 TFLOPS
803    10.73ms   23.83 TFLOPS
804    10.73ms   23.82 TFLOPS
805    10.72ms   23.84 TFLOPS
806    10.73ms   23.82 TFLOPS
807    10.72ms   23.84 TFLOPS
808    10.72ms   23.83 TFLOPS
809    10.72ms   23.83 TFLOPS
810    10.73ms   23.82 TFLOPS
811    10.72ms   23.83 TFLOPS
812    10.73ms   23.83 TFLOPS
813    10.73ms   23.83 TFLOPS
814    10.72ms   23.83 TFLOPS
815    10.73ms   23.81 TFLOPS
816    10.73ms   23.83 TFLOPS
817    10.73ms   23.81 TFLOPS
818    10.73ms   23.83 TFLOPS
819    10.73ms   23.81 TFLOPS
820    10.73ms   23.83 TFLOPS
821    10.72ms   23.84 TFLOPS
822    10.73ms   23.82 TFLOPS
823    10.74ms   23.80 TFLOPS
824    10.73ms   23.82 TFLOPS
825    10.73ms   23.83 TFLOPS
826    10.73ms   23.83 TFLOPS
827    10.73ms   23.82 TFLOPS
828    10.73ms   23.83 TFLOPS
829    10.73ms   23.82 TFLOPS
830    10.72ms   23.84 TFLOPS
831    10.72ms   23.84 TFLOPS
832    10.73ms   23.82 TFLOPS
833    10.74ms   23.79 TFLOPS
834    10.73ms   23.82 TFLOPS
835    10.73ms   23.83 TFLOPS
836    10.73ms   23.82 TFLOPS
837    10.72ms   23.84 TFLOPS
838    10.73ms   23.81 TFLOPS
839    10.73ms   23.82 TFLOPS
840    10.72ms   23.83 TFLOPS
841    10.74ms   23.81 TFLOPS
842    10.73ms   23.82 TFLOPS
843    10.73ms   23.81 TFLOPS
844    10.73ms   23.83 TFLOPS
845    10.73ms   23.81 TFLOPS
846    10.72ms   23.84 TFLOPS
847    10.74ms   23.79 TFLOPS
848    10.73ms   23.83 TFLOPS
849    10.73ms   23.83 TFLOPS
850    10.73ms   23.82 TFLOPS
851    10.72ms   23.84 TFLOPS
852    10.72ms   23.84 TFLOPS
853    10.73ms   23.82 TFLOPS
854    10.73ms   23.83 TFLOPS
855    10.74ms   23.81 TFLOPS
856    10.73ms   23.83 TFLOPS
857    10.72ms   23.83 TFLOPS
858    10.72ms   23.83 TFLOPS
859    10.73ms   23.83 TFLOPS
860    10.72ms   23.84 TFLOPS
861    10.73ms   23.82 TFLOPS
862    10.73ms   23.82 TFLOPS
863    10.73ms   23.81 TFLOPS
864    10.73ms   23.81 TFLOPS
865    10.74ms   23.80 TFLOPS
866    10.73ms   23.83 TFLOPS
867    10.73ms   23.83 TFLOPS
868    10.73ms   23.82 TFLOPS
869    10.73ms   23.82 TFLOPS
870    10.72ms   23.83 TFLOPS
871    10.73ms   23.82 TFLOPS
872    10.73ms   23.81 TFLOPS
873    10.73ms   23.83 TFLOPS
874    10.73ms   23.83 TFLOPS
875    10.72ms   23.84 TFLOPS
876    10.73ms   23.82 TFLOPS
877    10.73ms   23.82 TFLOPS
878    10.73ms   23.82 TFLOPS
879    10.73ms   23.82 TFLOPS
880    10.73ms   23.81 TFLOPS
881    10.73ms   23.82 TFLOPS
882    10.74ms   23.80 TFLOPS
883    10.73ms   23.82 TFLOPS
884    10.72ms   23.84 TFLOPS
885    10.73ms   23.83 TFLOPS
886    10.72ms   23.84 TFLOPS
887    10.73ms   23.81 TFLOPS
888    10.73ms   23.83 TFLOPS
889    10.73ms   23.82 TFLOPS
890    10.73ms   23.83 TFLOPS
891    10.73ms   23.83 TFLOPS
892    10.72ms   23.85 TFLOPS
893    10.72ms   23.83 TFLOPS
894    10.73ms   23.82 TFLOPS
895    10.73ms   23.83 TFLOPS
896    10.72ms   23.83 TFLOPS
897    10.72ms   23.85 TFLOPS
898    10.73ms   23.83 TFLOPS
899    10.73ms   23.82 TFLOPS
900    10.72ms   23.83 TFLOPS
901    10.72ms   23.84 TFLOPS
902    10.74ms   23.81 TFLOPS
903    10.73ms   23.82 TFLOPS
904    10.73ms   23.81 TFLOPS
905    10.73ms   23.82 TFLOPS
906    10.72ms   23.83 TFLOPS
907    10.73ms   23.82 TFLOPS
908    10.73ms   23.82 TFLOPS
909    10.73ms   23.81 TFLOPS
910    10.73ms   23.83 TFLOPS
911    10.73ms   23.81 TFLOPS
912    10.74ms   23.81 TFLOPS
913    10.73ms   23.82 TFLOPS
914    10.72ms   23.84 TFLOPS
915    10.73ms   23.82 TFLOPS
916    10.73ms   23.81 TFLOPS
917    10.73ms   23.82 TFLOPS
918    10.72ms   23.84 TFLOPS
919    10.73ms   23.82 TFLOPS
920    10.73ms   23.82 TFLOPS
921    10.73ms   23.83 TFLOPS
922    10.73ms   23.83 TFLOPS
923    10.73ms   23.83 TFLOPS
924    10.73ms   23.81 TFLOPS
925    10.72ms   23.84 TFLOPS
926    10.74ms   23.80 TFLOPS
927    10.73ms   23.82 TFLOPS
928    10.73ms   23.82 TFLOPS
929    10.73ms   23.82 TFLOPS
930    10.73ms   23.82 TFLOPS
931    10.74ms   23.80 TFLOPS
932    10.73ms   23.83 TFLOPS
933    10.73ms   23.82 TFLOPS
934    10.73ms   23.82 TFLOPS
935    10.73ms   23.83 TFLOPS
936    10.73ms   23.82 TFLOPS
937    10.72ms   23.83 TFLOPS
938    10.72ms   23.84 TFLOPS
939    10.73ms   23.82 TFLOPS
940    10.73ms   23.83 TFLOPS
941    10.72ms   23.84 TFLOPS
942    10.72ms   23.83 TFLOPS
943    10.72ms   23.84 TFLOPS
944    10.73ms   23.82 TFLOPS
945    10.73ms   23.82 TFLOPS
946    10.73ms   23.81 TFLOPS
947    10.73ms   23.81 TFLOPS
948    10.74ms   23.80 TFLOPS
949    10.72ms   23.84 TFLOPS
950    10.72ms   23.83 TFLOPS
951    10.72ms   23.84 TFLOPS
952    10.73ms   23.81 TFLOPS
953    10.73ms   23.83 TFLOPS
954    10.72ms   23.83 TFLOPS
955    10.74ms   23.80 TFLOPS
956    10.72ms   23.83 TFLOPS
957    10.73ms   23.83 TFLOPS
958    10.74ms   23.81 TFLOPS
959    10.72ms   23.84 TFLOPS
960    10.73ms   23.82 TFLOPS
961    10.72ms   23.84 TFLOPS
962    10.73ms   23.83 TFLOPS
963    10.73ms   23.82 TFLOPS
964    10.73ms   23.81 TFLOPS
965    10.73ms   23.83 TFLOPS
966    10.73ms   23.83 TFLOPS
967    10.73ms   23.83 TFLOPS
968    10.72ms   23.84 TFLOPS
969    10.73ms   23.82 TFLOPS
970    10.73ms   23.82 TFLOPS
971    10.73ms   23.81 TFLOPS
972    10.73ms   23.83 TFLOPS
973    10.73ms   23.83 TFLOPS
974    10.73ms   23.83 TFLOPS
975    10.73ms   23.83 TFLOPS
976    10.73ms   23.82 TFLOPS
977    10.72ms   23.84 TFLOPS
978    10.73ms   23.82 TFLOPS
979    10.73ms   23.82 TFLOPS
980    10.73ms   23.82 TFLOPS
981    10.73ms   23.82 TFLOPS
982    10.72ms   23.84 TFLOPS
983    10.73ms   23.81 TFLOPS
984    10.73ms   23.81 TFLOPS
985    10.73ms   23.81 TFLOPS
986    10.74ms   23.81 TFLOPS
987    10.73ms   23.83 TFLOPS
988    10.73ms   23.82 TFLOPS
989    10.72ms   23.84 TFLOPS
990    10.73ms   23.83 TFLOPS
991    10.74ms   23.80 TFLOPS
992    10.72ms   23.83 TFLOPS
993    10.73ms   23.83 TFLOPS
994    10.73ms   23.83 TFLOPS
995    10.73ms   23.82 TFLOPS
996    10.74ms   23.80 TFLOPS
997    10.73ms   23.82 TFLOPS
998    10.73ms   23.82 TFLOPS
999    10.73ms   23.82 TFLOPS
1000    10.73ms   23.81 TFLOPS
1001    10.73ms   23.83 TFLOPS
1002    10.73ms   23.82 TFLOPS
1003    10.73ms   23.82 TFLOPS
1004    10.73ms   23.81 TFLOPS
1005    10.72ms   23.84 TFLOPS
1006    10.73ms   23.81 TFLOPS
1007    10.73ms   23.83 TFLOPS
1008    10.72ms   23.84 TFLOPS
1009    10.73ms   23.82 TFLOPS
1010    10.73ms   23.82 TFLOPS
1011    10.73ms   23.83 TFLOPS
1012    10.73ms   23.82 TFLOPS
1013    10.73ms   23.83 TFLOPS
1014    10.72ms   23.84 TFLOPS
1015    10.72ms   23.84 TFLOPS
1016    10.72ms   23.85 TFLOPS
1017    10.74ms   23.81 TFLOPS
1018    10.73ms   23.82 TFLOPS
1019    10.72ms   23.85 TFLOPS
1020    10.73ms   23.82 TFLOPS
1021    10.73ms   23.83 TFLOPS
1022    10.73ms   23.82 TFLOPS
1023    10.73ms   23.81 TFLOPS
1024    10.73ms   23.82 TFLOPS
1025    10.73ms   23.82 TFLOPS
1026    10.73ms   23.82 TFLOPS
1027    10.73ms   23.81 TFLOPS
1028    10.73ms   23.82 TFLOPS
1029    10.72ms   23.83 TFLOPS
1030    10.72ms   23.84 TFLOPS
1031    10.73ms   23.83 TFLOPS
1032    10.73ms   23.82 TFLOPS
1033    10.73ms   23.83 TFLOPS
1034    10.73ms   23.82 TFLOPS
1035    10.73ms   23.83 TFLOPS
1036    10.73ms   23.83 TFLOPS
1037    10.72ms   23.84 TFLOPS
1038    10.73ms   23.82 TFLOPS
1039    10.72ms   23.83 TFLOPS
1040    10.73ms   23.82 TFLOPS
1041    10.73ms   23.82 TFLOPS
1042    10.73ms   23.82 TFLOPS
1043    10.73ms   23.81 TFLOPS
1044    10.72ms   23.84 TFLOPS
1045    10.73ms   23.81 TFLOPS
1046    10.73ms   23.83 TFLOPS
1047    10.73ms   23.83 TFLOPS
1048    10.72ms   23.85 TFLOPS
1049    10.73ms   23.83 TFLOPS
1050    10.74ms   23.81 TFLOPS
1051    10.73ms   23.83 TFLOPS
1052    10.72ms   23.83 TFLOPS
1053    10.73ms   23.82 TFLOPS
1054    10.73ms   23.83 TFLOPS
1055    10.73ms   23.82 TFLOPS
1056    10.73ms   23.82 TFLOPS
1057    10.74ms   23.80 TFLOPS
1058    10.72ms   23.84 TFLOPS
1059    10.74ms   23.81 TFLOPS
1060    10.73ms   23.83 TFLOPS
1061    10.74ms   23.80 TFLOPS
1062    10.73ms   23.83 TFLOPS
1063    10.72ms   23.83 TFLOPS
1064    10.73ms   23.81 TFLOPS
1065    10.73ms   23.81 TFLOPS
1066    10.73ms   23.82 TFLOPS
1067    10.73ms   23.82 TFLOPS
1068    10.73ms   23.82 TFLOPS
1069    10.73ms   23.83 TFLOPS
1070    10.72ms   23.83 TFLOPS
1071    10.73ms   23.83 TFLOPS
1072    10.73ms   23.82 TFLOPS
1073    10.72ms   23.83 TFLOPS
1074    10.72ms   23.83 TFLOPS
1075    10.72ms   23.84 TFLOPS
1076    10.73ms   23.82 TFLOPS
1077    10.73ms   23.83 TFLOPS
1078    10.73ms   23.83 TFLOPS
1079    10.72ms   23.83 TFLOPS
1080    10.73ms   23.82 TFLOPS
1081    10.74ms   23.80 TFLOPS
1082    10.75ms   23.78 TFLOPS
1083    10.73ms   23.81 TFLOPS
1084    10.72ms   23.84 TFLOPS
1085    10.75ms   23.78 TFLOPS
1086    10.72ms   23.84 TFLOPS
1087    10.73ms   23.82 TFLOPS
1088    10.73ms   23.81 TFLOPS
1089    10.74ms   23.81 TFLOPS
1090    10.73ms   23.81 TFLOPS
1091    10.72ms   23.83 TFLOPS
1092    10.72ms   23.84 TFLOPS
1093    10.72ms   23.85 TFLOPS
1094    10.73ms   23.81 TFLOPS
1095    10.73ms   23.81 TFLOPS
1096    10.73ms   23.81 TFLOPS
1097    10.73ms   23.82 TFLOPS
1098    10.73ms   23.83 TFLOPS
1099    10.73ms   23.83 TFLOPS
1100    10.72ms   23.83 TFLOPS
1101    10.73ms   23.82 TFLOPS
1102    10.73ms   23.81 TFLOPS
1103    10.73ms   23.82 TFLOPS
1104    10.74ms   23.81 TFLOPS
1105    10.73ms   23.82 TFLOPS
1106    10.73ms   23.83 TFLOPS
1107    10.73ms   23.82 TFLOPS
1108    10.73ms   23.81 TFLOPS
1109    10.74ms   23.80 TFLOPS
1110    10.73ms   23.83 TFLOPS
1111    10.73ms   23.83 TFLOPS
1112    10.73ms   23.82 TFLOPS
1113    10.73ms   23.83 TFLOPS
1114    10.74ms   23.81 TFLOPS
1115    10.73ms   23.82 TFLOPS
1116    10.74ms   23.80 TFLOPS
1117    10.73ms   23.83 TFLOPS
1118    10.74ms   23.81 TFLOPS
1119    10.73ms   23.82 TFLOPS
1120    10.73ms   23.83 TFLOPS
1121    10.73ms   23.82 TFLOPS
1122    10.73ms   23.83 TFLOPS
1123    10.73ms   23.83 TFLOPS
1124    10.73ms   23.81 TFLOPS
1125    10.73ms   23.82 TFLOPS
1126    10.74ms   23.80 TFLOPS
1127    10.72ms   23.83 TFLOPS
1128    10.73ms   23.82 TFLOPS
1129    10.72ms   23.84 TFLOPS
1130    10.73ms   23.83 TFLOPS
1131    10.73ms   23.81 TFLOPS
1132    10.72ms   23.83 TFLOPS
1133    10.73ms   23.83 TFLOPS
1134    10.73ms   23.82 TFLOPS
1135    10.74ms   23.81 TFLOPS
1136    10.74ms   23.80 TFLOPS
1137    10.72ms   23.85 TFLOPS
1138    10.73ms   23.82 TFLOPS
1139    10.73ms   23.82 TFLOPS
1140    10.74ms   23.81 TFLOPS
1141    10.72ms   23.84 TFLOPS
1142    10.72ms   23.84 TFLOPS
1143    10.73ms   23.81 TFLOPS
1144    10.73ms   23.82 TFLOPS
1145    10.73ms   23.82 TFLOPS
1146    10.73ms   23.82 TFLOPS
1147    10.73ms   23.82 TFLOPS
1148    10.73ms   23.82 TFLOPS
1149    10.73ms   23.83 TFLOPS
1150    10.73ms   23.83 TFLOPS
1151    10.74ms   23.80 TFLOPS
1152    10.73ms   23.82 TFLOPS
1153    10.72ms   23.83 TFLOPS
1154    10.74ms   23.80 TFLOPS
1155    10.74ms   23.80 TFLOPS
1156    10.73ms   23.82 TFLOPS
1157    10.72ms   23.85 TFLOPS
1158    10.73ms   23.83 TFLOPS
1159    10.72ms   23.83 TFLOPS
1160    10.74ms   23.80 TFLOPS
1161    10.73ms   23.82 TFLOPS
1162    10.73ms   23.82 TFLOPS
1163    10.73ms   23.83 TFLOPS
1164    10.73ms   23.82 TFLOPS
1165    10.73ms   23.83 TFLOPS
1166    10.73ms   23.82 TFLOPS
1167    10.73ms   23.83 TFLOPS
1168    10.72ms   23.84 TFLOPS
1169    10.73ms   23.82 TFLOPS
1170    10.73ms   23.82 TFLOPS
1171    10.74ms   23.81 TFLOPS
1172    10.72ms   23.84 TFLOPS
1173    10.72ms   23.84 TFLOPS
1174    10.73ms   23.82 TFLOPS
1175    10.73ms   23.82 TFLOPS
1176    10.72ms   23.83 TFLOPS
1177    10.73ms   23.82 TFLOPS
1178    10.73ms   23.83 TFLOPS
1179    10.72ms   23.84 TFLOPS
1180    10.72ms   23.84 TFLOPS
1181    10.74ms   23.81 TFLOPS
1182    10.72ms   23.83 TFLOPS
1183    10.74ms   23.80 TFLOPS
1184    10.73ms   23.81 TFLOPS
1185    10.72ms   23.83 TFLOPS
1186    10.73ms   23.83 TFLOPS
1187    10.73ms   23.81 TFLOPS
1188    10.73ms   23.83 TFLOPS
1189    10.73ms   23.82 TFLOPS
1190    10.73ms   23.82 TFLOPS
1191    10.73ms   23.82 TFLOPS
1192    10.74ms   23.80 TFLOPS
1193    10.73ms   23.81 TFLOPS
1194    10.73ms   23.82 TFLOPS
1195    10.72ms   23.84 TFLOPS
1196    10.73ms   23.83 TFLOPS
1197    10.74ms   23.81 TFLOPS
1198    10.73ms   23.82 TFLOPS
1199    10.74ms   23.80 TFLOPS
1200    10.73ms   23.82 TFLOPS
1201    10.73ms   23.82 TFLOPS
1202    10.73ms   23.82 TFLOPS
1203    10.73ms   23.82 TFLOPS
1204    10.73ms   23.82 TFLOPS
1205    10.72ms   23.84 TFLOPS
1206    10.74ms   23.81 TFLOPS
1207    10.73ms   23.82 TFLOPS
1208    10.73ms   23.82 TFLOPS
1209    10.74ms   23.81 TFLOPS
1210    10.72ms   23.84 TFLOPS
1211    10.72ms   23.83 TFLOPS
1212    10.73ms   23.82 TFLOPS
1213    10.73ms   23.81 TFLOPS
1214    10.73ms   23.81 TFLOPS
1215    10.72ms   23.84 TFLOPS
1216    10.73ms   23.82 TFLOPS
1217    10.72ms   23.83 TFLOPS
1218    10.74ms   23.81 TFLOPS
1219    10.73ms   23.83 TFLOPS
1220    10.73ms   23.82 TFLOPS
1221    10.72ms   23.84 TFLOPS
1222    10.73ms   23.83 TFLOPS
1223    10.74ms   23.79 TFLOPS
1224    10.73ms   23.82 TFLOPS
1225    10.73ms   23.82 TFLOPS
1226    10.74ms   23.81 TFLOPS
1227    10.74ms   23.79 TFLOPS
1228    10.73ms   23.82 TFLOPS
1229    10.73ms   23.83 TFLOPS
1230    10.73ms   23.83 TFLOPS
1231    10.73ms   23.81 TFLOPS
1232    10.73ms   23.82 TFLOPS
1233    10.72ms   23.84 TFLOPS
1234    10.72ms   23.85 TFLOPS
1235    10.73ms   23.83 TFLOPS
1236    10.72ms   23.84 TFLOPS
1237    10.73ms   23.82 TFLOPS
1238    10.72ms   23.84 TFLOPS
1239    10.73ms   23.82 TFLOPS
1240    10.75ms   23.77 TFLOPS
1241    10.73ms   23.83 TFLOPS
1242    10.73ms   23.82 TFLOPS
1243    10.72ms   23.83 TFLOPS
1244    10.73ms   23.82 TFLOPS
1245    10.73ms   23.83 TFLOPS
1246    10.73ms   23.81 TFLOPS
1247    10.74ms   23.80 TFLOPS
1248    10.73ms   23.82 TFLOPS
1249    10.73ms   23.82 TFLOPS
1250    10.72ms   23.84 TFLOPS
1251    10.74ms   23.81 TFLOPS
1252    10.73ms   23.82 TFLOPS
1253    10.72ms   23.84 TFLOPS
1254    10.75ms   23.78 TFLOPS
1255    10.74ms   23.80 TFLOPS
1256    10.73ms   23.83 TFLOPS
1257    10.72ms   23.84 TFLOPS
1258    10.72ms   23.85 TFLOPS
1259    10.72ms   23.83 TFLOPS
1260    10.72ms   23.83 TFLOPS
1261    10.73ms   23.82 TFLOPS
1262    10.73ms   23.81 TFLOPS
1263    10.72ms   23.83 TFLOPS
1264    10.73ms   23.82 TFLOPS
1265    10.72ms   23.84 TFLOPS
1266    10.73ms   23.83 TFLOPS
1267    10.74ms   23.80 TFLOPS
1268    10.74ms   23.81 TFLOPS
1269    10.72ms   23.84 TFLOPS
1270    10.73ms   23.82 TFLOPS
1271    10.73ms   23.81 TFLOPS
1272    10.73ms   23.81 TFLOPS
1273    10.73ms   23.82 TFLOPS
1274    10.73ms   23.83 TFLOPS
1275    10.73ms   23.82 TFLOPS
1276    10.73ms   23.83 TFLOPS
1277    10.72ms   23.84 TFLOPS
1278    10.73ms   23.83 TFLOPS
1279    10.73ms   23.82 TFLOPS
1280    10.73ms   23.83 TFLOPS
1281    10.73ms   23.81 TFLOPS
1282    10.73ms   23.81 TFLOPS
1283    10.73ms   23.82 TFLOPS
1284    10.73ms   23.82 TFLOPS
1285    10.72ms   23.83 TFLOPS
1286    10.73ms   23.82 TFLOPS
1287    10.73ms   23.82 TFLOPS
1288    10.72ms   23.85 TFLOPS
1289    10.73ms   23.83 TFLOPS
1290    10.73ms   23.83 TFLOPS
1291    10.72ms   23.84 TFLOPS
1292    10.73ms   23.82 TFLOPS
1293    10.73ms   23.82 TFLOPS
1294    10.73ms   23.82 TFLOPS
1295    10.73ms   23.83 TFLOPS
1296    10.73ms   23.82 TFLOPS
1297    10.73ms   23.83 TFLOPS
1298    10.72ms   23.84 TFLOPS
1299    10.73ms   23.82 TFLOPS
1300    10.72ms   23.83 TFLOPS
1301    10.73ms   23.83 TFLOPS
1302    10.72ms   23.84 TFLOPS
1303    10.73ms   23.82 TFLOPS
1304    10.73ms   23.82 TFLOPS
1305    10.73ms   23.83 TFLOPS
1306    10.73ms   23.82 TFLOPS
1307    10.72ms   23.84 TFLOPS
1308    10.73ms   23.82 TFLOPS
1309    10.73ms   23.83 TFLOPS
1310    10.73ms   23.83 TFLOPS
1311    10.72ms   23.83 TFLOPS
1312    10.73ms   23.82 TFLOPS
1313    10.73ms   23.82 TFLOPS
1314    10.73ms   23.82 TFLOPS
1315    10.73ms   23.81 TFLOPS
1316    10.73ms   23.82 TFLOPS
1317    10.73ms   23.81 TFLOPS
1318    10.73ms   23.82 TFLOPS
1319    10.73ms   23.83 TFLOPS
1320    10.73ms   23.83 TFLOPS
1321    10.73ms   23.82 TFLOPS
1322    10.72ms   23.84 TFLOPS
1323    10.72ms   23.84 TFLOPS
1324    10.72ms   23.84 TFLOPS
1325    10.72ms   23.83 TFLOPS
1326    10.72ms   23.84 TFLOPS
1327    10.74ms   23.80 TFLOPS
1328    10.73ms   23.82 TFLOPS
1329    10.73ms   23.82 TFLOPS
1330    10.73ms   23.82 TFLOPS
1331    10.73ms   23.82 TFLOPS
1332    10.73ms   23.82 TFLOPS
1333    10.72ms   23.83 TFLOPS
1334    10.73ms   23.83 TFLOPS
1335    10.73ms   23.82 TFLOPS
1336    10.73ms   23.82 TFLOPS
1337    10.72ms   23.84 TFLOPS
1338    10.73ms   23.82 TFLOPS
1339    10.73ms   23.82 TFLOPS
1340    10.73ms   23.82 TFLOPS
1341    10.73ms   23.82 TFLOPS
1342    10.74ms   23.81 TFLOPS
1343    10.73ms   23.82 TFLOPS
1344    10.72ms   23.83 TFLOPS
1345    10.73ms   23.81 TFLOPS
1346    10.74ms   23.80 TFLOPS
1347    10.73ms   23.83 TFLOPS
1348    10.73ms   23.83 TFLOPS
1349    10.74ms   23.79 TFLOPS
1350    10.73ms   23.82 TFLOPS
1351    10.73ms   23.82 TFLOPS
1352    10.73ms   23.82 TFLOPS
1353    10.73ms   23.82 TFLOPS
1354    10.73ms   23.82 TFLOPS
1355    10.74ms   23.80 TFLOPS
1356    10.73ms   23.83 TFLOPS
1357    10.74ms   23.80 TFLOPS
1358    10.72ms   23.84 TFLOPS
1359    10.74ms   23.81 TFLOPS
1360    10.73ms   23.83 TFLOPS
1361    10.72ms   23.83 TFLOPS
1362    10.73ms   23.82 TFLOPS
1363    10.73ms   23.83 TFLOPS
1364    10.72ms   23.84 TFLOPS
1365    10.73ms   23.82 TFLOPS
1366    10.73ms   23.82 TFLOPS
1367    10.73ms   23.82 TFLOPS
1368    10.74ms   23.80 TFLOPS
1369    10.73ms   23.82 TFLOPS
1370    10.72ms   23.85 TFLOPS
1371    10.74ms   23.81 TFLOPS
1372    10.73ms   23.81 TFLOPS
1373    10.73ms   23.82 TFLOPS
1374    10.73ms   23.83 TFLOPS
1375    10.72ms   23.85 TFLOPS
1376    10.72ms   23.84 TFLOPS
1377    10.73ms   23.82 TFLOPS
1378    10.72ms   23.84 TFLOPS
1379    10.73ms   23.83 TFLOPS
1380    10.74ms   23.81 TFLOPS
1381    10.72ms   23.83 TFLOPS
1382    10.72ms   23.84 TFLOPS
1383    10.73ms   23.82 TFLOPS
1384    10.72ms   23.84 TFLOPS
1385    10.72ms   23.84 TFLOPS
1386    10.72ms   23.84 TFLOPS
1387    10.73ms   23.82 TFLOPS
1388    10.72ms   23.83 TFLOPS
1389    10.74ms   23.80 TFLOPS
1390    10.73ms   23.83 TFLOPS
1391    10.72ms   23.84 TFLOPS
1392    10.73ms   23.82 TFLOPS
1393    10.73ms   23.82 TFLOPS
1394    10.72ms   23.84 TFLOPS
1395    10.73ms   23.83 TFLOPS
1396    10.73ms   23.82 TFLOPS
1397    10.72ms   23.84 TFLOPS
1398    10.73ms   23.82 TFLOPS
1399    10.72ms   23.83 TFLOPS
1400    10.74ms   23.80 TFLOPS
1401    10.72ms   23.83 TFLOPS
1402    10.73ms   23.83 TFLOPS
1403    10.74ms   23.81 TFLOPS
1404    10.72ms   23.84 TFLOPS
1405    10.73ms   23.83 TFLOPS
1406    10.73ms   23.83 TFLOPS
1407    10.73ms   23.81 TFLOPS
1408    10.73ms   23.82 TFLOPS
1409    10.72ms   23.83 TFLOPS
1410    10.73ms   23.83 TFLOPS
1411    10.73ms   23.81 TFLOPS
1412    10.73ms   23.82 TFLOPS
1413    10.72ms   23.83 TFLOPS
1414    10.72ms   23.84 TFLOPS
1415    10.73ms   23.81 TFLOPS
1416    10.73ms   23.82 TFLOPS
1417    10.73ms   23.81 TFLOPS
1418    10.75ms   23.78 TFLOPS
1419    10.74ms   23.80 TFLOPS
1420    10.73ms   23.83 TFLOPS
1421    10.73ms   23.82 TFLOPS
1422    10.74ms   23.81 TFLOPS
1423    10.74ms   23.80 TFLOPS
1424    10.74ms   23.81 TFLOPS
1425    10.74ms   23.81 TFLOPS
1426    10.74ms   23.80 TFLOPS
1427    10.74ms   23.81 TFLOPS
1428    10.73ms   23.83 TFLOPS
1429    10.72ms   23.84 TFLOPS
1430    10.74ms   23.81 TFLOPS
1431    10.73ms   23.82 TFLOPS
1432    10.74ms   23.80 TFLOPS
1433    10.73ms   23.81 TFLOPS
1434    10.72ms   23.85 TFLOPS
1435    10.73ms   23.83 TFLOPS
1436    10.73ms   23.81 TFLOPS
1437    10.72ms   23.84 TFLOPS
1438    10.72ms   23.84 TFLOPS
1439    10.73ms   23.82 TFLOPS
1440    10.74ms   23.81 TFLOPS
1441    10.74ms   23.80 TFLOPS
1442    10.72ms   23.85 TFLOPS
1443    10.73ms   23.81 TFLOPS
1444    10.73ms   23.82 TFLOPS
1445    10.73ms   23.83 TFLOPS
1446    10.73ms   23.81 TFLOPS
1447    10.73ms   23.83 TFLOPS
1448    10.74ms   23.80 TFLOPS
1449    10.73ms   23.81 TFLOPS
1450    10.73ms   23.82 TFLOPS
1451    10.73ms   23.81 TFLOPS
1452    10.73ms   23.82 TFLOPS
1453    10.72ms   23.84 TFLOPS
1454    10.74ms   23.81 TFLOPS
1455    10.73ms   23.83 TFLOPS
1456    10.72ms   23.83 TFLOPS
1457    10.73ms   23.83 TFLOPS
1458    10.73ms   23.81 TFLOPS
1459    10.74ms   23.80 TFLOPS
1460    10.73ms   23.82 TFLOPS
1461    10.73ms   23.82 TFLOPS
1462    10.73ms   23.83 TFLOPS
1463    10.73ms   23.83 TFLOPS
1464    10.73ms   23.82 TFLOPS
1465    10.72ms   23.83 TFLOPS
1466    10.74ms   23.80 TFLOPS
1467    10.73ms   23.82 TFLOPS
1468    10.73ms   23.83 TFLOPS
1469    10.74ms   23.80 TFLOPS
1470    10.74ms   23.81 TFLOPS
1471    10.72ms   23.84 TFLOPS
1472    10.73ms   23.83 TFLOPS
1473    10.73ms   23.81 TFLOPS
1474    10.73ms   23.82 TFLOPS
1475    10.73ms   23.83 TFLOPS
1476    10.73ms   23.82 TFLOPS
1477    10.73ms   23.83 TFLOPS
1478    10.72ms   23.83 TFLOPS
1479    10.74ms   23.80 TFLOPS
1480    10.73ms   23.82 TFLOPS
1481    10.73ms   23.82 TFLOPS
1482    10.74ms   23.81 TFLOPS
1483    10.73ms   23.83 TFLOPS
1484    10.73ms   23.82 TFLOPS
1485    10.73ms   23.83 TFLOPS
1486    10.74ms   23.79 TFLOPS
1487    10.72ms   23.83 TFLOPS
1488    10.72ms   23.84 TFLOPS
1489    10.74ms   23.81 TFLOPS
1490    10.72ms   23.83 TFLOPS
1491    10.73ms   23.83 TFLOPS
1492    10.73ms   23.83 TFLOPS
1493    10.73ms   23.82 TFLOPS
1494    10.74ms   23.80 TFLOPS
1495    10.73ms   23.83 TFLOPS
1496    10.72ms   23.83 TFLOPS
1497    10.73ms   23.81 TFLOPS
1498    10.74ms   23.81 TFLOPS
1499    10.72ms   23.84 TFLOPS
1500    10.72ms   23.84 TFLOPS
1501    10.73ms   23.82 TFLOPS
1502    10.73ms   23.82 TFLOPS
1503    10.73ms   23.83 TFLOPS
1504    10.73ms   23.82 TFLOPS
1505    10.73ms   23.81 TFLOPS
1506    10.73ms   23.82 TFLOPS
1507    10.72ms   23.84 TFLOPS
1508    10.73ms   23.83 TFLOPS
1509    10.73ms   23.81 TFLOPS
1510    10.73ms   23.82 TFLOPS
1511    10.73ms   23.82 TFLOPS
1512    10.73ms   23.82 TFLOPS
1513    10.73ms   23.81 TFLOPS
1514    10.73ms   23.81 TFLOPS
1515    10.74ms   23.81 TFLOPS
1516    10.72ms   23.85 TFLOPS
1517    10.73ms   23.81 TFLOPS
1518    10.72ms   23.84 TFLOPS
1519    10.74ms   23.80 TFLOPS
1520    10.73ms   23.82 TFLOPS
1521    10.74ms   23.80 TFLOPS
1522    10.72ms   23.83 TFLOPS
1523    10.73ms   23.81 TFLOPS
1524    10.72ms   23.84 TFLOPS
1525    10.73ms   23.83 TFLOPS
1526    10.74ms   23.81 TFLOPS
1527    10.74ms   23.80 TFLOPS
1528    10.73ms   23.81 TFLOPS
1529    10.72ms   23.84 TFLOPS
1530    10.73ms   23.81 TFLOPS
1531    10.73ms   23.82 TFLOPS
1532    10.74ms   23.80 TFLOPS
1533    10.73ms   23.82 TFLOPS
1534    10.72ms   23.83 TFLOPS
1535    10.73ms   23.81 TFLOPS
1536    10.73ms   23.82 TFLOPS
1537    10.73ms   23.83 TFLOPS
1538    10.73ms   23.83 TFLOPS
1539    10.73ms   23.83 TFLOPS
1540    10.72ms   23.83 TFLOPS
1541    10.72ms   23.83 TFLOPS
1542    10.72ms   23.84 TFLOPS
1543    10.73ms   23.81 TFLOPS
1544    10.73ms   23.83 TFLOPS
1545    10.73ms   23.82 TFLOPS
1546    10.72ms   23.83 TFLOPS
1547    10.72ms   23.83 TFLOPS
1548    10.74ms   23.79 TFLOPS
1549    10.74ms   23.80 TFLOPS
1550    10.75ms   23.79 TFLOPS
1551    10.73ms   23.82 TFLOPS
1552    10.72ms   23.85 TFLOPS
1553    10.73ms   23.82 TFLOPS
1554    10.72ms   23.84 TFLOPS
1555    10.73ms   23.83 TFLOPS
1556    10.72ms   23.84 TFLOPS
1557    10.73ms   23.82 TFLOPS
1558    10.73ms   23.83 TFLOPS
1559    10.73ms   23.83 TFLOPS
1560    10.73ms   23.81 TFLOPS
1561    10.73ms   23.82 TFLOPS
1562    10.72ms   23.84 TFLOPS
1563    10.73ms   23.82 TFLOPS
1564    10.72ms   23.83 TFLOPS
1565    10.73ms   23.82 TFLOPS
1566    10.73ms   23.83 TFLOPS
1567    10.74ms   23.80 TFLOPS
1568    10.73ms   23.81 TFLOPS
1569    10.73ms   23.82 TFLOPS
1570    10.72ms   23.83 TFLOPS
1571    10.73ms   23.83 TFLOPS
1572    10.74ms   23.80 TFLOPS
1573    10.72ms   23.83 TFLOPS
1574    10.73ms   23.82 TFLOPS
1575    10.73ms   23.83 TFLOPS
1576    10.73ms   23.82 TFLOPS
1577    10.74ms   23.80 TFLOPS
1578    10.73ms   23.82 TFLOPS
1579    10.74ms   23.80 TFLOPS
1580    10.73ms   23.82 TFLOPS
1581    10.73ms   23.83 TFLOPS
1582    10.73ms   23.83 TFLOPS
1583    10.73ms   23.81 TFLOPS
1584    10.73ms   23.82 TFLOPS
1585    10.73ms   23.83 TFLOPS
1586    10.72ms   23.84 TFLOPS
1587    10.73ms   23.82 TFLOPS
1588    10.73ms   23.82 TFLOPS
1589    10.72ms   23.83 TFLOPS
1590    10.72ms   23.84 TFLOPS
1591    10.73ms   23.81 TFLOPS
1592    10.74ms   23.81 TFLOPS
1593    10.73ms   23.83 TFLOPS
1594    10.72ms   23.84 TFLOPS
1595    10.72ms   23.85 TFLOPS
1596    10.74ms   23.81 TFLOPS
1597    10.73ms   23.82 TFLOPS
1598    10.73ms   23.82 TFLOPS
1599    10.73ms   23.83 TFLOPS
1600    10.73ms   23.81 TFLOPS
1601    10.73ms   23.82 TFLOPS
1602    10.73ms   23.83 TFLOPS
1603    10.73ms   23.82 TFLOPS
1604    10.73ms   23.82 TFLOPS
1605    10.73ms   23.82 TFLOPS
1606    10.72ms   23.83 TFLOPS
1607    10.73ms   23.81 TFLOPS
1608    10.73ms   23.83 TFLOPS
1609    10.73ms   23.81 TFLOPS
1610    10.74ms   23.81 TFLOPS
1611    10.73ms   23.82 TFLOPS
1612    10.74ms   23.80 TFLOPS
1613    10.72ms   23.83 TFLOPS
1614    10.73ms   23.82 TFLOPS
1615    10.73ms   23.81 TFLOPS
1616    10.73ms   23.81 TFLOPS
1617    10.73ms   23.83 TFLOPS
1618    10.72ms   23.84 TFLOPS
1619    10.73ms   23.82 TFLOPS
1620    10.73ms   23.82 TFLOPS
1621    10.72ms   23.84 TFLOPS
1622    10.72ms   23.83 TFLOPS
1623    10.72ms   23.83 TFLOPS
1624    10.73ms   23.83 TFLOPS
1625    10.73ms   23.83 TFLOPS
1626    10.73ms   23.83 TFLOPS
1627    10.73ms   23.82 TFLOPS
1628    10.72ms   23.83 TFLOPS
1629    10.73ms   23.82 TFLOPS
1630    10.72ms   23.84 TFLOPS
1631    10.73ms   23.81 TFLOPS
1632    10.73ms   23.82 TFLOPS
1633    10.72ms   23.83 TFLOPS
1634    10.73ms   23.82 TFLOPS
1635    10.72ms   23.83 TFLOPS
1636    10.73ms   23.82 TFLOPS
1637    10.73ms   23.82 TFLOPS
1638    10.72ms   23.83 TFLOPS
1639    10.74ms   23.80 TFLOPS
1640    10.74ms   23.81 TFLOPS
1641    10.72ms   23.84 TFLOPS
1642    10.73ms   23.82 TFLOPS
1643    10.73ms   23.82 TFLOPS
1644    10.73ms   23.83 TFLOPS
1645    10.73ms   23.82 TFLOPS
1646    10.73ms   23.82 TFLOPS
1647    10.73ms   23.82 TFLOPS
1648    10.72ms   23.83 TFLOPS
1649    10.73ms   23.83 TFLOPS
1650    10.73ms   23.82 TFLOPS
1651    10.73ms   23.82 TFLOPS
1652    10.75ms   23.78 TFLOPS
1653    10.73ms   23.81 TFLOPS
1654    10.73ms   23.82 TFLOPS
1655    10.72ms   23.84 TFLOPS
1656    10.72ms   23.83 TFLOPS
1657    10.72ms   23.83 TFLOPS
1658    10.73ms   23.82 TFLOPS
1659    10.73ms   23.81 TFLOPS
1660    10.74ms   23.80 TFLOPS
1661    10.73ms   23.83 TFLOPS
1662    10.73ms   23.82 TFLOPS
1663    10.73ms   23.82 TFLOPS
1664    10.73ms   23.83 TFLOPS
1665    10.74ms   23.80 TFLOPS
1666    10.73ms   23.83 TFLOPS
1667    10.73ms   23.83 TFLOPS
1668    10.72ms   23.83 TFLOPS
1669    10.72ms   23.84 TFLOPS
1670    10.73ms   23.82 TFLOPS
1671    10.73ms   23.83 TFLOPS
1672    10.72ms   23.84 TFLOPS
1673    10.73ms   23.82 TFLOPS
1674    10.72ms   23.83 TFLOPS
1675    10.73ms   23.82 TFLOPS
1676    10.73ms   23.82 TFLOPS
1677    10.72ms   23.84 TFLOPS
1678    10.73ms   23.82 TFLOPS
1679    10.73ms   23.82 TFLOPS
1680    10.74ms   23.80 TFLOPS
1681    10.73ms   23.83 TFLOPS
1682    10.73ms   23.83 TFLOPS
1683    10.73ms   23.83 TFLOPS
1684    10.74ms   23.81 TFLOPS
1685    10.73ms   23.82 TFLOPS
1686    10.73ms   23.83 TFLOPS
1687    10.73ms   23.82 TFLOPS
1688    10.73ms   23.82 TFLOPS
1689    10.73ms   23.82 TFLOPS
1690    10.72ms   23.83 TFLOPS
1691    10.73ms   23.82 TFLOPS
1692    10.74ms   23.81 TFLOPS
1693    10.72ms   23.84 TFLOPS
1694    10.72ms   23.83 TFLOPS
1695    10.73ms   23.82 TFLOPS
1696    10.74ms   23.80 TFLOPS
1697    10.73ms   23.81 TFLOPS
1698    10.73ms   23.82 TFLOPS
1699    10.73ms   23.82 TFLOPS
1700    10.74ms   23.80 TFLOPS
1701    10.73ms   23.82 TFLOPS
1702    10.73ms   23.83 TFLOPS
1703    10.72ms   23.84 TFLOPS
1704    10.73ms   23.82 TFLOPS
1705    10.73ms   23.82 TFLOPS
1706    10.73ms   23.82 TFLOPS
1707    10.73ms   23.82 TFLOPS
1708    10.74ms   23.80 TFLOPS
1709    10.72ms   23.83 TFLOPS
1710    10.73ms   23.82 TFLOPS
1711    10.73ms   23.82 TFLOPS
1712    10.73ms   23.82 TFLOPS
1713    10.73ms   23.82 TFLOPS
1714    10.72ms   23.84 TFLOPS
1715    10.73ms   23.82 TFLOPS
1716    10.74ms   23.81 TFLOPS
1717    10.73ms   23.81 TFLOPS
1718    10.73ms   23.83 TFLOPS
1719    10.74ms   23.81 TFLOPS
1720    10.73ms   23.83 TFLOPS
1721    10.72ms   23.83 TFLOPS
1722    10.73ms   23.82 TFLOPS
1723    10.73ms   23.81 TFLOPS
1724    10.73ms   23.83 TFLOPS
1725    10.73ms   23.82 TFLOPS
1726    10.73ms   23.82 TFLOPS
1727    10.74ms   23.81 TFLOPS
1728    10.73ms   23.81 TFLOPS
1729    10.74ms   23.81 TFLOPS
1730    10.72ms   23.83 TFLOPS
1731    10.73ms   23.82 TFLOPS
1732    10.73ms   23.82 TFLOPS
1733    10.73ms   23.81 TFLOPS
1734    10.72ms   23.83 TFLOPS
1735    10.73ms   23.83 TFLOPS
1736    10.73ms   23.83 TFLOPS
1737    10.73ms   23.82 TFLOPS
1738    10.73ms   23.82 TFLOPS
1739    10.72ms   23.83 TFLOPS
1740    10.73ms   23.82 TFLOPS
1741    10.73ms   23.83 TFLOPS
1742    10.72ms   23.84 TFLOPS
1743    10.73ms   23.82 TFLOPS
1744    10.73ms   23.82 TFLOPS
1745    10.73ms   23.83 TFLOPS
1746    10.73ms   23.82 TFLOPS
1747    10.73ms   23.83 TFLOPS
1748    10.72ms   23.83 TFLOPS
1749    10.73ms   23.83 TFLOPS
1750    10.73ms   23.82 TFLOPS
1751    10.72ms   23.83 TFLOPS
1752    10.73ms   23.83 TFLOPS
1753    10.72ms   23.84 TFLOPS
1754    10.72ms   23.84 TFLOPS
1755    10.73ms   23.81 TFLOPS
1756    10.73ms   23.81 TFLOPS
1757    10.73ms   23.83 TFLOPS
1758    10.73ms   23.82 TFLOPS
1759    10.72ms   23.83 TFLOPS
1760    10.74ms   23.80 TFLOPS
1761    10.73ms   23.82 TFLOPS
1762    10.72ms   23.84 TFLOPS
1763    10.73ms   23.82 TFLOPS
1764    10.73ms   23.83 TFLOPS
1765    10.72ms   23.85 TFLOPS
1766    10.73ms   23.82 TFLOPS
1767    10.73ms   23.81 TFLOPS
1768    10.72ms   23.84 TFLOPS
1769    10.73ms   23.82 TFLOPS
1770    10.72ms   23.83 TFLOPS
1771    10.72ms   23.83 TFLOPS
1772    10.73ms   23.82 TFLOPS
1773    10.73ms   23.82 TFLOPS
1774    10.73ms   23.82 TFLOPS
1775    10.72ms   23.84 TFLOPS
1776    10.73ms   23.81 TFLOPS
1777    10.73ms   23.82 TFLOPS
1778    10.74ms   23.80 TFLOPS
1779    10.74ms   23.80 TFLOPS
1780    10.72ms   23.84 TFLOPS
1781    10.73ms   23.83 TFLOPS
1782    10.73ms   23.81 TFLOPS
1783    10.72ms   23.83 TFLOPS
1784    10.74ms   23.81 TFLOPS
1785    10.72ms   23.84 TFLOPS
1786    10.73ms   23.82 TFLOPS
1787    10.73ms   23.81 TFLOPS
1788    10.72ms   23.84 TFLOPS
1789    10.73ms   23.83 TFLOPS
1790    10.74ms   23.80 TFLOPS
1791    10.73ms   23.81 TFLOPS
1792    10.73ms   23.82 TFLOPS
1793    10.75ms   23.78 TFLOPS
1794    10.72ms   23.83 TFLOPS
1795    10.73ms   23.83 TFLOPS
1796    10.73ms   23.83 TFLOPS
1797    10.73ms   23.83 TFLOPS
1798    10.73ms   23.83 TFLOPS
1799    10.73ms   23.82 TFLOPS
1800    10.74ms   23.79 TFLOPS
1801    10.73ms   23.81 TFLOPS
1802    10.73ms   23.83 TFLOPS
1803    10.73ms   23.82 TFLOPS
1804    10.72ms   23.83 TFLOPS
1805    10.73ms   23.82 TFLOPS
1806    10.73ms   23.83 TFLOPS
1807    10.73ms   23.82 TFLOPS
1808    10.75ms   23.78 TFLOPS
1809    10.73ms   23.82 TFLOPS
1810    10.72ms   23.84 TFLOPS
1811    10.73ms   23.83 TFLOPS
1812    10.74ms   23.80 TFLOPS
1813    10.72ms   23.83 TFLOPS
1814    10.73ms   23.82 TFLOPS
1815    10.72ms   23.83 TFLOPS
1816    10.72ms   23.84 TFLOPS
1817    10.72ms   23.84 TFLOPS
1818    10.73ms   23.81 TFLOPS
1819    10.72ms   23.83 TFLOPS
1820    10.72ms   23.83 TFLOPS
1821    10.73ms   23.82 TFLOPS
1822    10.73ms   23.81 TFLOPS
1823    10.73ms   23.82 TFLOPS
1824    10.74ms   23.81 TFLOPS
1825    10.72ms   23.83 TFLOPS
1826    10.73ms   23.82 TFLOPS
1827    10.72ms   23.83 TFLOPS
1828    10.73ms   23.83 TFLOPS
1829    10.74ms   23.80 TFLOPS
1830    10.73ms   23.82 TFLOPS
1831    10.72ms   23.84 TFLOPS
1832    10.73ms   23.81 TFLOPS
1833    10.73ms   23.83 TFLOPS
1834    10.72ms   23.83 TFLOPS
1835    10.73ms   23.82 TFLOPS
1836    10.73ms   23.82 TFLOPS
1837    10.73ms   23.82 TFLOPS
1838    10.72ms   23.84 TFLOPS
1839    10.73ms   23.83 TFLOPS
1840    10.73ms   23.81 TFLOPS
1841    10.72ms   23.83 TFLOPS
1842    10.72ms   23.83 TFLOPS
1843    10.73ms   23.81 TFLOPS
1844    10.73ms   23.81 TFLOPS
1845    10.73ms   23.83 TFLOPS
1846    10.72ms   23.84 TFLOPS
1847    10.72ms   23.83 TFLOPS
1848    10.73ms   23.82 TFLOPS
1849    10.73ms   23.82 TFLOPS
1850    10.72ms   23.85 TFLOPS
1851    10.73ms   23.83 TFLOPS
1852    10.73ms   23.81 TFLOPS
1853    10.74ms   23.80 TFLOPS
1854    10.73ms   23.83 TFLOPS
1855    10.73ms   23.82 TFLOPS
1856    10.73ms   23.82 TFLOPS
1857    10.73ms   23.81 TFLOPS
1858    10.73ms   23.83 TFLOPS
1859    10.73ms   23.82 TFLOPS
1860    10.72ms   23.83 TFLOPS
1861    10.72ms   23.84 TFLOPS
1862    10.72ms   23.84 TFLOPS
1863    10.74ms   23.80 TFLOPS
1864    10.73ms   23.82 TFLOPS
1865    10.75ms   23.79 TFLOPS
1866    10.73ms   23.83 TFLOPS
1867    10.72ms   23.83 TFLOPS
1868    10.73ms   23.83 TFLOPS
1869    10.73ms   23.81 TFLOPS
1870    10.73ms   23.83 TFLOPS
1871    10.73ms   23.82 TFLOPS
1872    10.73ms   23.82 TFLOPS
1873    10.73ms   23.82 TFLOPS
1874    10.72ms   23.84 TFLOPS
1875    10.72ms   23.83 TFLOPS
1876    10.72ms   23.84 TFLOPS
1877    10.73ms   23.81 TFLOPS
1878    10.73ms   23.82 TFLOPS
1879    10.72ms   23.83 TFLOPS
1880    10.72ms   23.84 TFLOPS
1881    10.73ms   23.82 TFLOPS
1882    10.73ms   23.82 TFLOPS
1883    10.71ms   23.85 TFLOPS
1884    10.73ms   23.83 TFLOPS
1885    10.73ms   23.82 TFLOPS
1886    10.73ms   23.83 TFLOPS
1887    10.74ms   23.80 TFLOPS
1888    10.73ms   23.82 TFLOPS
1889    10.73ms   23.82 TFLOPS
1890    10.72ms   23.83 TFLOPS
1891    10.73ms   23.82 TFLOPS
1892    10.73ms   23.83 TFLOPS
1893    10.73ms   23.82 TFLOPS
1894    10.73ms   23.83 TFLOPS
1895    10.73ms   23.83 TFLOPS
1896    10.75ms   23.78 TFLOPS
1897    10.73ms   23.83 TFLOPS
1898    10.73ms   23.83 TFLOPS
1899    10.73ms   23.82 TFLOPS
1900    10.73ms   23.83 TFLOPS
1901    10.73ms   23.83 TFLOPS
1902    10.73ms   23.81 TFLOPS
1903    10.73ms   23.82 TFLOPS
1904    10.74ms   23.80 TFLOPS
1905    10.73ms   23.83 TFLOPS
1906    10.72ms   23.84 TFLOPS
1907    10.73ms   23.82 TFLOPS
1908    10.73ms   23.82 TFLOPS
1909    10.73ms   23.83 TFLOPS
1910    10.74ms   23.81 TFLOPS
1911    10.73ms   23.82 TFLOPS
1912    10.73ms   23.81 TFLOPS
1913    10.72ms   23.84 TFLOPS
1914    10.72ms   23.84 TFLOPS
1915    10.74ms   23.79 TFLOPS
1916    10.73ms   23.83 TFLOPS
1917    10.73ms   23.83 TFLOPS
1918    10.74ms   23.80 TFLOPS
1919    10.72ms   23.83 TFLOPS
1920    10.73ms   23.83 TFLOPS
1921    10.72ms   23.84 TFLOPS
1922    10.73ms   23.83 TFLOPS
1923    10.73ms   23.82 TFLOPS
1924    10.74ms   23.81 TFLOPS
1925    10.74ms   23.80 TFLOPS
1926    10.72ms   23.84 TFLOPS
1927    10.73ms   23.83 TFLOPS
1928    10.73ms   23.81 TFLOPS
1929    10.73ms   23.82 TFLOPS
1930    10.73ms   23.82 TFLOPS
1931    10.73ms   23.83 TFLOPS
1932    10.72ms   23.84 TFLOPS
1933    10.73ms   23.81 TFLOPS
1934    10.72ms   23.84 TFLOPS
1935    10.73ms   23.82 TFLOPS
1936    10.73ms   23.82 TFLOPS
1937    10.73ms   23.82 TFLOPS
1938    10.72ms   23.84 TFLOPS
1939    10.73ms   23.83 TFLOPS
1940    10.73ms   23.82 TFLOPS
1941    10.73ms   23.81 TFLOPS
1942    10.73ms   23.82 TFLOPS
1943    10.74ms   23.79 TFLOPS
1944    10.73ms   23.83 TFLOPS
1945    10.73ms   23.82 TFLOPS
1946    10.72ms   23.84 TFLOPS
1947    10.73ms   23.83 TFLOPS
1948    10.72ms   23.84 TFLOPS
1949    10.74ms   23.80 TFLOPS
1950    10.73ms   23.82 TFLOPS
1951    10.73ms   23.82 TFLOPS
1952    10.73ms   23.82 TFLOPS
1953    10.74ms   23.80 TFLOPS
1954    10.74ms   23.80 TFLOPS
1955    10.73ms   23.83 TFLOPS
1956    10.72ms   23.83 TFLOPS
1957    10.72ms   23.84 TFLOPS
1958    10.73ms   23.82 TFLOPS
1959    10.72ms   23.84 TFLOPS
1960    10.73ms   23.82 TFLOPS
1961    10.73ms   23.81 TFLOPS
1962    10.73ms   23.82 TFLOPS
1963    10.75ms   23.78 TFLOPS
1964    10.72ms   23.85 TFLOPS
1965    10.74ms   23.80 TFLOPS
1966    10.72ms   23.83 TFLOPS
1967    10.73ms   23.82 TFLOPS
1968    10.73ms   23.82 TFLOPS
1969    10.73ms   23.82 TFLOPS
1970    10.73ms   23.83 TFLOPS
1971    10.73ms   23.81 TFLOPS
1972    10.73ms   23.81 TFLOPS
1973    10.74ms   23.80 TFLOPS
1974    10.72ms   23.83 TFLOPS
1975    10.73ms   23.82 TFLOPS
1976    10.73ms   23.83 TFLOPS
1977    10.74ms   23.81 TFLOPS
1978    10.72ms   23.83 TFLOPS
1979    10.74ms   23.80 TFLOPS
1980    10.72ms   23.83 TFLOPS
1981    10.74ms   23.80 TFLOPS
1982    10.73ms   23.83 TFLOPS
1983    10.73ms   23.83 TFLOPS
1984    10.73ms   23.83 TFLOPS
1985    10.73ms   23.83 TFLOPS
1986    10.72ms   23.84 TFLOPS
1987    10.73ms   23.82 TFLOPS
1988    10.73ms   23.81 TFLOPS
1989    10.73ms   23.83 TFLOPS
1990    10.74ms   23.80 TFLOPS
1991    10.73ms   23.83 TFLOPS
1992    10.73ms   23.82 TFLOPS
1993    10.73ms   23.81 TFLOPS
1994    10.73ms   23.82 TFLOPS
1995    10.72ms   23.84 TFLOPS
1996    10.74ms   23.79 TFLOPS
1997    10.72ms   23.85 TFLOPS
1998    10.72ms   23.84 TFLOPS
1999    10.73ms   23.82 TFLOPS
2000    10.72ms   23.84 TFLOPS
2001    10.73ms   23.83 TFLOPS
2002    10.73ms   23.82 TFLOPS
2003    10.72ms   23.84 TFLOPS
2004    10.72ms   23.83 TFLOPS
2005    10.73ms   23.82 TFLOPS
2006    10.73ms   23.82 TFLOPS
2007    10.73ms   23.81 TFLOPS
2008    10.73ms   23.81 TFLOPS
2009    10.73ms   23.82 TFLOPS
2010    10.73ms   23.83 TFLOPS
2011    10.73ms   23.82 TFLOPS
2012    10.73ms   23.83 TFLOPS
2013    10.73ms   23.82 TFLOPS
2014    10.73ms   23.83 TFLOPS
2015    10.73ms   23.82 TFLOPS
2016    10.74ms   23.80 TFLOPS
2017    10.73ms   23.82 TFLOPS
2018    10.74ms   23.81 TFLOPS
2019    10.74ms   23.80 TFLOPS
2020    10.73ms   23.81 TFLOPS
2021    10.73ms   23.81 TFLOPS
2022    10.72ms   23.84 TFLOPS
2023    10.73ms   23.82 TFLOPS
2024    10.73ms   23.82 TFLOPS
2025    10.74ms   23.81 TFLOPS
2026    10.74ms   23.81 TFLOPS
2027    10.73ms   23.83 TFLOPS
2028    10.73ms   23.81 TFLOPS
2029    10.73ms   23.83 TFLOPS
2030    10.73ms   23.82 TFLOPS
2031    10.74ms   23.81 TFLOPS
2032    10.73ms   23.83 TFLOPS
2033    10.74ms   23.80 TFLOPS
2034    10.73ms   23.82 TFLOPS
2035    10.73ms   23.81 TFLOPS
2036    10.73ms   23.82 TFLOPS
2037    10.73ms   23.82 TFLOPS
2038    10.72ms   23.83 TFLOPS
2039    10.73ms   23.82 TFLOPS
2040    10.72ms   23.84 TFLOPS
2041    10.74ms   23.79 TFLOPS
2042    10.74ms   23.80 TFLOPS
2043    10.73ms   23.82 TFLOPS
2044    10.73ms   23.82 TFLOPS
2045    10.72ms   23.83 TFLOPS
2046    10.73ms   23.83 TFLOPS
2047    10.73ms   23.81 TFLOPS
2048    10.72ms   23.83 TFLOPS
2049    10.74ms   23.80 TFLOPS
2050    10.74ms   23.81 TFLOPS
2051    10.73ms   23.83 TFLOPS
2052    10.74ms   23.79 TFLOPS
2053    10.72ms   23.84 TFLOPS
2054    10.72ms   23.83 TFLOPS
2055    10.73ms   23.83 TFLOPS
2056    10.73ms   23.83 TFLOPS
2057    10.73ms   23.82 TFLOPS
2058    10.73ms   23.81 TFLOPS
2059    10.73ms   23.82 TFLOPS
2060    10.73ms   23.81 TFLOPS
2061    10.73ms   23.83 TFLOPS
2062    10.72ms   23.83 TFLOPS
2063    10.73ms   23.82 TFLOPS
2064    10.72ms   23.84 TFLOPS
2065    10.74ms   23.81 TFLOPS
2066    10.72ms   23.83 TFLOPS
2067    10.73ms   23.82 TFLOPS
2068    10.73ms   23.82 TFLOPS
2069    10.72ms   23.85 TFLOPS
2070    10.72ms   23.84 TFLOPS
2071    10.73ms   23.82 TFLOPS
2072    10.72ms   23.83 TFLOPS
2073    10.73ms   23.83 TFLOPS
2074    10.72ms   23.83 TFLOPS
2075    10.73ms   23.83 TFLOPS
2076    10.73ms   23.82 TFLOPS
2077    10.72ms   23.83 TFLOPS
2078    10.73ms   23.82 TFLOPS
2079    10.73ms   23.82 TFLOPS
2080    10.73ms   23.83 TFLOPS
2081    10.73ms   23.81 TFLOPS
2082    10.73ms   23.81 TFLOPS
2083    10.74ms   23.81 TFLOPS
2084    10.72ms   23.83 TFLOPS
2085    10.73ms   23.81 TFLOPS
2086    10.74ms   23.80 TFLOPS
2087    10.73ms   23.82 TFLOPS
2088    10.72ms   23.84 TFLOPS
2089    10.73ms   23.83 TFLOPS
2090    10.73ms   23.81 TFLOPS
2091    10.72ms   23.83 TFLOPS
2092    10.73ms   23.82 TFLOPS
2093    10.73ms   23.82 TFLOPS
2094    10.72ms   23.83 TFLOPS
2095    10.72ms   23.84 TFLOPS
2096    10.72ms   23.83 TFLOPS
2097    10.73ms   23.81 TFLOPS
2098    10.73ms   23.81 TFLOPS
2099    10.72ms   23.83 TFLOPS
2100    10.73ms   23.82 TFLOPS
2101    10.72ms   23.83 TFLOPS
2102    10.72ms   23.84 TFLOPS
2103    10.73ms   23.82 TFLOPS
2104    10.72ms   23.83 TFLOPS
2105    10.74ms   23.80 TFLOPS
2106    10.73ms   23.83 TFLOPS
2107    10.72ms   23.84 TFLOPS
2108    10.72ms   23.84 TFLOPS
2109    10.73ms   23.83 TFLOPS
2110    10.72ms   23.84 TFLOPS
2111    10.73ms   23.83 TFLOPS
2112    10.72ms   23.84 TFLOPS
2113    10.73ms   23.82 TFLOPS
2114    10.73ms   23.83 TFLOPS
2115    10.73ms   23.82 TFLOPS
2116    10.72ms   23.83 TFLOPS
2117    10.72ms   23.83 TFLOPS
2118    10.72ms   23.83 TFLOPS
2119    10.72ms   23.83 TFLOPS
2120    10.73ms   23.82 TFLOPS
2121    10.73ms   23.81 TFLOPS
2122    10.73ms   23.82 TFLOPS
2123    10.73ms   23.83 TFLOPS
2124    10.74ms   23.79 TFLOPS
2125    10.73ms   23.83 TFLOPS
2126    10.73ms   23.83 TFLOPS
2127    10.72ms   23.84 TFLOPS
2128    10.72ms   23.84 TFLOPS
2129    10.74ms   23.81 TFLOPS
2130    10.72ms   23.83 TFLOPS
2131    10.72ms   23.84 TFLOPS
2132    10.72ms   23.83 TFLOPS
2133    10.73ms   23.81 TFLOPS
2134    10.72ms   23.83 TFLOPS
2135    10.73ms   23.83 TFLOPS
2136    10.73ms   23.82 TFLOPS
2137    10.74ms   23.80 TFLOPS
2138    10.73ms   23.83 TFLOPS
2139    10.72ms   23.84 TFLOPS
2140    10.73ms   23.82 TFLOPS
2141    10.72ms   23.83 TFLOPS
2142    10.73ms   23.83 TFLOPS
2143    10.74ms   23.80 TFLOPS
2144    10.73ms   23.82 TFLOPS
2145    10.73ms   23.83 TFLOPS
2146    10.73ms   23.82 TFLOPS
2147    10.73ms   23.83 TFLOPS
2148    10.73ms   23.81 TFLOPS
2149    10.73ms   23.82 TFLOPS
2150    10.74ms   23.79 TFLOPS
2151    10.73ms   23.82 TFLOPS
2152    10.73ms   23.83 TFLOPS
2153    10.72ms   23.83 TFLOPS
2154    10.74ms   23.81 TFLOPS
2155    10.73ms   23.81 TFLOPS
2156    10.74ms   23.81 TFLOPS
2157    10.72ms   23.83 TFLOPS
2158    10.73ms   23.82 TFLOPS
2159    10.74ms   23.81 TFLOPS
2160    10.74ms   23.80 TFLOPS
2161    10.73ms   23.83 TFLOPS
2162    10.73ms   23.82 TFLOPS
2163    10.73ms   23.82 TFLOPS
2164    10.74ms   23.80 TFLOPS
2165    10.73ms   23.82 TFLOPS
2166    10.73ms   23.82 TFLOPS
2167    10.72ms   23.83 TFLOPS
2168    10.73ms   23.83 TFLOPS
2169    10.72ms   23.84 TFLOPS
2170    10.72ms   23.84 TFLOPS
2171    10.73ms   23.83 TFLOPS
2172    10.73ms   23.81 TFLOPS
2173    10.73ms   23.83 TFLOPS
2174    10.73ms   23.81 TFLOPS
2175    10.73ms   23.81 TFLOPS
2176    10.73ms   23.82 TFLOPS
2177    10.73ms   23.82 TFLOPS
2178    10.73ms   23.81 TFLOPS
2179    10.73ms   23.82 TFLOPS
2180    10.73ms   23.82 TFLOPS
2181    10.73ms   23.82 TFLOPS
2182    10.74ms   23.79 TFLOPS
2183    10.72ms   23.83 TFLOPS
2184    10.72ms   23.83 TFLOPS
2185    10.73ms   23.83 TFLOPS
2186    10.72ms   23.83 TFLOPS
2187    10.72ms   23.83 TFLOPS
2188    10.73ms   23.82 TFLOPS
2189    10.72ms   23.84 TFLOPS
2190    10.73ms   23.83 TFLOPS
2191    10.73ms   23.82 TFLOPS
2192    10.73ms   23.81 TFLOPS
2193    10.72ms   23.83 TFLOPS
2194    10.73ms   23.82 TFLOPS
2195    10.72ms   23.84 TFLOPS
2196    10.74ms   23.79 TFLOPS
2197    10.72ms   23.83 TFLOPS
2198    10.72ms   23.83 TFLOPS
2199    10.73ms   23.83 TFLOPS
2200    10.73ms   23.82 TFLOPS
2201    10.73ms   23.83 TFLOPS
2202    10.73ms   23.83 TFLOPS
2203    10.73ms   23.82 TFLOPS
2204    10.73ms   23.81 TFLOPS
2205    10.74ms   23.81 TFLOPS
2206    10.73ms   23.83 TFLOPS
2207    10.72ms   23.84 TFLOPS
2208    10.73ms   23.82 TFLOPS
2209    10.74ms   23.80 TFLOPS
2210    10.74ms   23.80 TFLOPS
2211    10.74ms   23.79 TFLOPS
2212    10.73ms   23.82 TFLOPS
2213    10.73ms   23.82 TFLOPS
2214    10.73ms   23.82 TFLOPS
2215    10.73ms   23.82 TFLOPS
2216    10.73ms   23.82 TFLOPS
2217    10.72ms   23.85 TFLOPS
2218    10.73ms   23.83 TFLOPS
2219    10.74ms   23.81 TFLOPS
2220    10.72ms   23.84 TFLOPS
2221    10.74ms   23.80 TFLOPS
2222    10.73ms   23.82 TFLOPS
2223    10.73ms   23.82 TFLOPS
2224    10.73ms   23.83 TFLOPS
2225    10.73ms   23.81 TFLOPS
2226    10.73ms   23.83 TFLOPS
2227    10.74ms   23.80 TFLOPS
2228    10.72ms   23.84 TFLOPS
2229    10.73ms   23.81 TFLOPS
2230    10.73ms   23.82 TFLOPS
2231    10.73ms   23.82 TFLOPS
2232    10.72ms   23.83 TFLOPS
2233    10.74ms   23.80 TFLOPS
2234    10.73ms   23.83 TFLOPS
2235    10.73ms   23.82 TFLOPS
2236    10.73ms   23.82 TFLOPS
2237    10.73ms   23.81 TFLOPS
2238    10.74ms   23.81 TFLOPS
2239    10.73ms   23.82 TFLOPS
2240    10.72ms   23.84 TFLOPS
2241    10.74ms   23.80 TFLOPS
2242    10.72ms   23.84 TFLOPS
2243    10.73ms   23.81 TFLOPS
2244    10.73ms   23.82 TFLOPS
2245    10.73ms   23.82 TFLOPS
2246    10.73ms   23.82 TFLOPS
2247    10.74ms   23.80 TFLOPS
2248    10.73ms   23.83 TFLOPS
2249    10.73ms   23.83 TFLOPS
2250    10.73ms   23.82 TFLOPS
2251    10.73ms   23.82 TFLOPS
2252    10.73ms   23.82 TFLOPS
2253    10.72ms   23.83 TFLOPS
2254    10.73ms   23.81 TFLOPS
2255    10.72ms   23.83 TFLOPS
2256    10.73ms   23.82 TFLOPS
2257    10.73ms   23.83 TFLOPS
2258    10.74ms   23.81 TFLOPS
2259    10.73ms   23.82 TFLOPS
2260    10.72ms   23.84 TFLOPS
2261    10.73ms   23.82 TFLOPS
2262    10.73ms   23.81 TFLOPS
2263    10.73ms   23.82 TFLOPS
2264    10.72ms   23.84 TFLOPS
2265    10.74ms   23.80 TFLOPS
2266    10.73ms   23.83 TFLOPS
2267    10.74ms   23.81 TFLOPS
2268    10.73ms   23.82 TFLOPS
2269    10.73ms   23.82 TFLOPS
2270    10.73ms   23.82 TFLOPS
2271    10.72ms   23.84 TFLOPS
2272    10.73ms   23.83 TFLOPS
2273    10.73ms   23.83 TFLOPS
2274    10.72ms   23.84 TFLOPS
2275    10.73ms   23.83 TFLOPS
2276    10.73ms   23.82 TFLOPS
2277    10.72ms   23.84 TFLOPS
2278    10.74ms   23.80 TFLOPS
2279    10.73ms   23.81 TFLOPS
2280    10.73ms   23.82 TFLOPS
2281    10.73ms   23.81 TFLOPS
2282    10.73ms   23.82 TFLOPS
2283    10.74ms   23.80 TFLOPS
2284    10.73ms   23.81 TFLOPS
2285    10.73ms   23.83 TFLOPS
2286    10.73ms   23.83 TFLOPS
2287    10.73ms   23.81 TFLOPS
2288    10.72ms   23.84 TFLOPS
2289    10.74ms   23.79 TFLOPS
2290    10.74ms   23.80 TFLOPS
2291    10.73ms   23.82 TFLOPS
2292    10.73ms   23.83 TFLOPS
2293    10.73ms   23.82 TFLOPS
2294    10.72ms   23.85 TFLOPS
2295    10.73ms   23.83 TFLOPS
2296    10.73ms   23.83 TFLOPS
2297    10.74ms   23.80 TFLOPS
2298    10.73ms   23.83 TFLOPS
2299    10.73ms   23.81 TFLOPS
2300    10.73ms   23.81 TFLOPS
2301    10.74ms   23.80 TFLOPS
2302    10.72ms   23.84 TFLOPS
2303    10.73ms   23.83 TFLOPS
2304    10.72ms   23.84 TFLOPS
2305    10.73ms   23.82 TFLOPS
2306    10.73ms   23.83 TFLOPS
2307    10.73ms   23.83 TFLOPS
2308    10.72ms   23.83 TFLOPS
2309    10.73ms   23.81 TFLOPS
2310    10.72ms   23.83 TFLOPS
2311    10.73ms   23.83 TFLOPS
2312    10.73ms   23.82 TFLOPS
2313    10.73ms   23.81 TFLOPS
2314    10.73ms   23.82 TFLOPS
2315    10.73ms   23.83 TFLOPS
2316    10.74ms   23.79 TFLOPS
2317    10.72ms   23.84 TFLOPS
2318    10.73ms   23.83 TFLOPS
2319    10.73ms   23.82 TFLOPS
2320    10.72ms   23.83 TFLOPS
2321    10.73ms   23.83 TFLOPS
2322    10.72ms   23.84 TFLOPS
2323    10.73ms   23.83 TFLOPS
2324    10.73ms   23.82 TFLOPS
2325    10.72ms   23.83 TFLOPS
2326    10.73ms   23.82 TFLOPS
2327    10.72ms   23.84 TFLOPS
2328    10.72ms   23.84 TFLOPS
2329    10.73ms   23.82 TFLOPS
2330    10.72ms   23.84 TFLOPS
2331    10.72ms   23.84 TFLOPS
