# nv05_partial_write — 部分写 / 写放大 / RMW 判定 (NVIDIA H20, 78 SM)
每线程负责 1 个 128B 块, 块数固定 = 79872 * 256 = 20.4 M 块/kernel
=> **触碰的 128B 块数完全不随 C 变化**, 这是控制变量。

================ 每 128B 块只写头部 C 字节 (硬件计数器 >= 2s/点) ================
| C(写字节) | 有效BW GB/s | 有用MB | 触碰MB | dataTx MB | dataRx MB | rawTx MB | rawRx MB | rawTx/有用 | rawTx/触碰 | rawRx/rawTx |
|---|---|---|---|---|---|---|---|---|---|---|
| 1 | 8.8 | 17544 | 2245597 | 280700 | 0 | 845044 | 617104 | 48.17 | 0.376 | 0.7303 |
| 2 | 17.5 | 35087 | 2245597 | 280700 | 0 | 845024 | 616877 | 24.08 | 0.376 | 0.7300 |
| 4 | 35.1 | 70175 | 2245597 | 280700 | 0 | 845365 | 616952 | 12.05 | 0.376 | 0.7298 |
| 8 | 102.8 | 205781 | 3292495 | 411562 | 0 | 835362 | 595294 | 4.06 | 0.254 | 0.7126 |
| 16 | 206.2 | 412543 | 3300347 | 412543 | 0 | 836298 | 594608 | 2.03 | 0.253 | 0.7110 |
| 32 | 204.1 | 408290 | 1633161 | 408290 | 0 | 832792 | 593071 | 2.04 | 0.510 | 0.7121 |
| 64 | 203.5 | 406982 | 813963 | 406982 | 0 | 832733 | 593065 | 2.05 | 1.023 | 0.7122 |
| 128 | 201.4 | 403056 | 403056 | 403056 | 0 | 828444 | 590818 | 2.06 | 2.055 | 0.7132 |

判读指南:
  rawTx/触碰 ~ 恒定 1.0  -> 整 128B 写 (无 byte-enable), 严重写放大
  rawTx/有用 ~ 恒定      -> byte-enable write-through, 无放大
  rawRx/rawTx 随 C 上升  -> 有 read-modify-write
  rawRx/rawTx 小且恒定   -> 只是 write ack / flow control

[done]
