# nv07_align — 对齐敏感度 (NVIDIA H20, 78 SM)

================ A-1) 16B 连续访问, 整体基址偏移 (保持 16B 自然对齐) ================
payload/kernel = 327.2 MB
| 基址偏移 | 相对128B边界 | 远端写 GB/s | 远端读 GB/s | 本地写 GB/s | 写 vs off0 |
|---|---|---|---|---|---|
| 0B | 0B | 369.3 | 374.0 | 3133.5 | 1.000 |
| 16B | 16B | 343.1 | 362.2 | 2597.0 | 0.929 |
| 32B | 32B | 360.6 | 362.2 | 3083.1 | 0.976 |
| 64B | 64B | 360.8 | 362.7 | 3085.0 | 0.977 |
| 112B | 112B | 343.8 | 360.8 | 2608.1 | 0.931 |

================ A-2) 4B 连续访问, 整体基址偏移 (保持 4B 自然对齐) ================
payload/kernel = 81.8 MB
| 基址偏移 | 相对128B边界 | 远端写 GB/s | 远端读 GB/s | 本地写 GB/s | 写 vs off0 |
|---|---|---|---|---|---|
| 0B | 0B | 357.7 | 367.4 | 2927.7 | 1.000 |
| 4B | 4B | 260.0 | 325.4 | 1954.6 | 0.727 |
| 8B | 8B | 278.9 | 326.4 | 1983.9 | 0.780 |
| 16B | 16B | 278.2 | 325.6 | 1977.7 | 0.778 |
| 32B | 32B | 327.0 | 329.3 | 2924.4 | 0.914 |
| 64B | 64B | 327.5 | 329.3 | 2942.3 | 0.916 |
| 124B | 124B | 243.8 | 333.5 | 1962.1 | 0.682 |

================ B) 显式跨边界代价 (warp 内地址连续, 每线程 8B = 2x st32) ================
delta=0 时每个 8B 都在 8B 自然对齐位置(不跨任何边界);
delta=4 时每 16 个线程有 1 个 8B 骑在 128B 边界上。
payload/kernel = 163.6 MB
| delta | 跨界情况 | 远端写 GB/s | 远端读 GB/s | 本地写 GB/s | 远端写相对 |
|---|---|---|---|---|---|
| 0 | 全部 8B 对齐, 不跨界 | 320.9 | 369.9 | 3072.0 | 1.000 |
| 4 | 1/16 线程跨 128B 边界 | 270.0 | 349.7 | 2163.3 | 0.841 |

================ C) 计数器验证: 跨 128B 边界是否真的多发字节 ================
| 位置 | payload MB | dataTx MB | dataTx/payload | rawTx MB | rawTx/payload |
|---|---|---|---|---|---|
(dataTx 才是净荷计数; rawTx 含 idle flit, 见 nv06 说明, 仅供参考)
| 不跨界 | 640244 | 708928 | 1.107 | 823792 | 1.287 |
| 1/16 跨 128B 边界 | 538662 | 636993 | 1.183 | 825141 | 1.532 |

[done]
