# nv09_warp_scale — NVIDIA H20, 78 SM, 1.980 GHz

================ A) grid=1 (锁 1 个 SM), 扫 block 内 warp 数 —— 单 SM 的 NVLink 上限 ================
总流量 32 MB, 固定 grid=1
 warps      thr    rem_WR GB/s    rem_RD GB/s    loc_WR GB/s    loc_RD GB/s
     1       32          25.81           0.61          25.93           2.12
     2       64          50.42           1.21          51.73           4.22   (rem_WR x1.95)
     4      128          50.41           2.43          63.01           8.48   (rem_WR x1.00)
     8      256          50.44           4.85          63.00          16.92   (rem_WR x1.00)
    16      512          50.44           9.70          63.01          33.75   (rem_WR x1.00)
    32     1024          50.43          19.35          63.01          66.57   (rem_WR x1.00)

================ B) block=256 (8 warp) 固定, 扫 grid (SM 数) —— 多 SM 叠加线性度 ================
总流量 256 MB
  grid    rem_WR GB/s    rem_RD GB/s       WR/SM GB/s     占 370GB/s%
     1          50.64           4.01            50.64            13.7%
     2         101.17           8.03            50.59            27.3%
     4         202.14          15.30            50.53            54.6%
     8         312.95          30.43            39.12            84.6%
    16         373.49          60.50            23.34           100.9%
    24         363.09          90.65            15.13            98.1%
    32         368.78         120.37            11.52            99.7%
    39         361.92         145.83             9.28            97.8%
    48         367.23         178.52             7.65            99.3%
    56         370.35         207.16             6.61           100.1%
    64         371.58         235.06             5.81           100.4%
    72         369.08         262.51             5.13            99.8%
    78         370.09         282.73             4.74           100.0%
    96         365.72         334.55             4.69            98.8%
   117         369.03         359.69             4.73            99.7%
   156         370.36         364.27             4.75           100.1%
   234         370.61         367.79             4.75           100.2%
   312         370.31         370.12             4.75           100.1%

[读法] A 段: rem_WR 停止随 warp 数增长的那一行 = 单 SM 远端写流水填满点。
       B 段: rem_WR 停止随 grid 增长的那一行 = 饱和所需 SM 数。

[done]
