# nv10_sm_scale — NVIDIA H20, 78 SM, 1.980 GHz
# occupancy: k_wr256 -> 8 block/SM, k_wr1024 -> 2 block/SM
# 总流量 256 MB, best-of-3

================ SM 数扫描: 远端写 / 远端读 / 本地写 (block=256, 1 block/SM) ================
  grid  SM(eff)    remWR GB/s    remRD GB/s    locWR GB/s    remWR/SM    %peak370
     1        1         50.64          4.01         63.29       50.64       13.7%
     2        2        101.19          8.03        126.48       50.60       27.3%
     3        3        151.67         12.04        189.58       50.56       41.0%
     4        4        202.17         15.30        252.60       50.54       54.6%
     6        6        302.53         22.82        378.25       50.42       81.8%
     8        8        312.90         30.43        503.54       39.11       84.6%
    10       10        352.30         37.92        628.71       35.23       95.2%
    12       12        364.58         45.43        753.08       30.38       98.5%
    16       16        373.48         60.52       1000.87       23.34      100.9%
    20       20        372.81         75.56       1248.12       18.64      100.8%
    24       24        363.87         90.68       1493.08       15.16       98.3%
    28       28        372.30        105.45       1735.93       13.30      100.6%
    32       32        368.52        120.41       1979.07       11.52       99.6%
    39       39        361.91        145.90       2402.01        9.28       97.8%
    46       46        369.80        171.36       2820.65        8.04       99.9%
    52       52        369.96        193.05       3121.54        7.11      100.0%
    60       60        370.53        221.40       3596.66        6.18      100.1%
    68       68        372.17        249.06       3454.95        5.47      100.6%
    78       78        369.99        282.74       3186.35        4.74      100.0%
    90       78        366.71        319.59       2195.40        4.70       99.1%
   104       78        370.06        349.02       2547.66        4.74      100.0%
   117       78        369.02        359.06       2829.85        4.73       99.7%
   130       78        369.98        362.32       3054.10        4.74      100.0%
   156       78        370.34        363.14       3192.42        4.75      100.1%
   195       78        368.71        365.26       2962.43        4.73       99.7%
   234       78        370.59        367.35       3162.73        4.75      100.2%
   273       78        369.21        368.17       3009.55        4.73       99.8%
   312       78        370.62        369.74       3198.91        4.75      100.2%

峰值 remWR = 373.48 GB/s @ grid=16

================ 对照: block=1024 (32 warp/SM), 少 SM 多 warp 能否补偿? ================
  grid    warps    remWR GB/s   vs blk256同SM
     1       32         50.45            1.00x
     2       64        101.19            1.00x
     4      128        202.17            1.00x
     8      256        311.33            1.00x
    16      512        372.57            1.00x
    24      768        365.82            1.01x
    32     1024        371.06            1.01x
    39     1248        367.75            1.02x
    52     1664        369.84            1.00x
    78     2496        371.05            1.00x

================ NVLink 硬件字节计数器交叉验证 (grid=78, block=256, 远端写 20 次) ================
remWR grid=78      payload=  5368.7 MB | dataTx=  5368.7 dataRx=     0.0 rawTx=  6075.1 rawRx=  4861.9 MB | raw/data=2.037  wire/payload=2.037
dataTx/payload = 1.000  (payload = 5368.7 MB)

[done]
