# nv11_littles_law — NVIDIA H20, 78 SM, 1.980 GHz

================ 0) 空载远端延迟基线 (单线程 pointer-chase, CHASE=512) ================
空载单次远端依赖 load = 1581.8 cycles = 798.9 ns

================ 1) 并发度扫描: 同时测吞吐 λ 与探针延迟 W, 求在途字节 = λ×W ================
每 block 256 thr, 每线程 4 个独立 st128 展开
  grid   threads      BW GB/s     lat cyc      lat ns    inflight_B inflight/128B     per-link
     1       256        50.64     22359.3     11292.6        571906        4468.0        248.2
     2       512       101.21     12118.9      6120.7        619470        4839.6        268.9
     3       768       151.72      8705.1      4396.5        667047        5211.3        289.5
     4      1024       202.18      6999.8      3535.3        714744        5583.9        310.2
     6      1536       302.62      5292.5      2673.0        808907        6319.6        351.1
     8      2048       312.85      4558.2      2302.1        720226        5626.8        312.6
    10      2560       352.24      4078.2      2059.7        725509        5668.0        314.9
    12      3072       364.75      3917.1      1978.3        721594        5637.5        313.2
    16      4096       373.38      4234.3      2138.5        798484        6238.2        346.6
    20      5120       371.26      4113.7      2077.6        771355        6026.2        334.8
    24      6144       363.40      4015.4      2028.0        736972        5757.6        319.9
    32      8192       368.76      4113.6      2077.6        766124        5985.3        332.5
    39      9984       361.78      4305.5      2174.5        786687        6146.0        341.4
    52     13312       369.81      4374.8      2209.5        817085        6383.5        354.6
    64     16384       370.59      4291.6      2167.5        803234        6275.3        348.6
    78     19968       369.45      4482.0      2263.7        836305        6533.6        363.0
   156     39936       369.04      4438.7      2241.7        827291        6463.2        359.1
   312     79872       367.93      4322.8      2183.2        803279        6275.6        348.6

饱和区(BW>355GB/s, 11 个点)平均在途字节 = 788037 B = 769.6 KB
  折算 128B 请求 = 6157 个;  每条 link (18条) = 342.0 个
  折算 256B 请求 = 3078 个;  每条 link (18条) = 171.0 个

[读法] 若 inflight_B 在低并发时随 grid 增长、饱和后收敛到常数,
       该常数即硬件最大在途数据量 (NVLink BDP / credit 池容量)。

[done]
