# nv12_lat_vs_load — NVIDIA H20, 78 SM, 1.980 GHz

================ 0) 空载探针延迟基线 (背景 grid=0) ================
空载延迟 = 1569.9 cyc = 792.9 ns

================ 1) 标定: 各背景 grid 对应的独占远端写带宽 (= 负载强度) ================
  grid      BW GB/s      util%
     0         0.00       0.0%
     1        50.61      13.7%
     2       101.08      27.3%
     3       151.41      40.9%
     4       201.60      54.5%
     5       251.76      68.0%
     6       301.56      81.5%
     7       351.29      94.9%
     8       312.05      84.3%
    10       350.62      94.8%
    12       363.83      98.3%
    14       370.37     100.1%
    16       372.06     100.6%
    20       370.83     100.2%
    24       362.48      98.0%
    32       366.95      99.2%
    48       366.03      98.9%
    78       368.96      99.7%
   156       369.54      99.9%
   312       369.43      99.8%

================ 2) 背景负载并发时的探针延迟 (排队论 knee) ================
bg_grid      BW GB/s     util%     lat cyc      lat ns     vs idle
     0         0.00      0.0%      1570.1       793.0       1.00x
     1        50.61     13.7%      1578.3       797.1       1.01x
     2       101.08     27.3%      1891.2       955.1       1.20x
     3       151.41     40.9%      1993.2      1006.7       1.27x
     4       201.60     54.5%      1917.1       968.3       1.22x
     5       251.76     68.0%      2026.0      1023.2       1.29x
     6       301.56     81.5%      2038.7      1029.6       1.30x
     7       351.29     94.9%      2017.8      1019.1       1.29x
     8       312.05     84.3%      2736.0      1381.8       1.74x
    10       350.62     94.8%      2665.0      1345.9       1.70x
    12       363.83     98.3%      2808.7      1418.6       1.79x
    14       370.37    100.1%      2713.1      1370.2       1.73x
    16       372.06    100.6%      2763.6      1395.8       1.76x
    20       370.83    100.2%      3031.5      1531.1       1.93x
    24       362.48     98.0%      3207.6      1620.0       2.04x
    32       366.95     99.2%      3857.2      1948.1       2.46x
    48       366.03     98.9%      3618.6      1827.6       2.30x
    78       368.96     99.7%     11841.8      5980.7       7.54x
   156       369.54     99.9%     12448.9      6287.3       7.93x
   312       369.43     99.8%     12032.8      6077.2       7.66x

knee point: bg_grid=8, 此时背景带宽利用率 = 84.3%, 延迟已达空载 1.5x

[done]
