# nv13_fifo_burst — NVIDIA H20, 1.980 GHz
# 单 warp(32 lane) 发 burst, 每条 st128 是 32*16B=512B 的 warp 事务
# 只有 lane0 采 clock64, 时间戳存 shared, kernel 末尾一次性写回

================ A) 远端 (GPU0->GPU1): 第二个 burst 内每条 store 的发射间隔 ================
对每个 (B,S): 报告 前8条平均间隔 / 后8条平均间隔 / 拐点 N(间隔首次>2x基线)
     B    S(ns)   d[0..7]cyc  d[last8]cyc     knee N  knee 字节    burst总cyc
     8        0         72.4         72.4       none            -            579
     8      100         72.4         72.4       none            -            579
     8     1000         72.4         72.4       none            -            579
     8    10000         72.4         72.4       none            -            579
    16        0         72.4         64.0       none            -           1091
    16      100         72.4         64.0       none            -           1091
    16     1000         72.4         64.0       none            -           1091
    16    10000         72.4         64.0       none            -           1091
    32        0         72.4         64.0       none            -           2115
    32      100         72.4         64.0       none            -           2115
    32     1000         72.4         64.0       none            -           2115
    32    10000         72.4         64.0       none            -           2115
    64        0         72.4         64.0       none            -           4163
    64      100         72.4         64.0       none            -           4163
    64     1000         72.4         64.0       none            -           4163
    64    10000         72.4         64.0       none            -           4163
   128        0         72.4         64.0       none            -           8259
   128      100         72.4         64.0       none            -           8259
   128     1000         72.4         64.0       none            -           8259
   128    10000         72.4         64.0       none            -           8259
   256        0         72.4         64.0       none            -          16451
   256      100         72.4         64.0       none            -          16451
   256     1000         72.4         64.0       none            -          16451
   256    10000         72.4         64.0       none            -          16451
   512        0         72.4         64.0       none            -          32835
   512      100         72.4         64.0       none            -          32835
   512     1000         72.4         64.0       none            -          32835
   512    10000         72.4         64.0       none            -          32835
  1024        0         72.4         64.0       none            -          65603
  1024      100         72.4         64.0       none            -          65603
  1024     1000         72.4         64.0       none            -          65603
  1024    10000         72.4         64.0       none            -          65603

================ B) 逐条明细: B=256, S=0 vs S=10us (远端), 前 40 条间隔 cycle ================

S=0ns  d[i] (i=0..39): 131 64 64 64 64 64 64 64 64 64 64 64 64 64 64 64 64 64 64 64 64 64 64 64 64 64 64 64 64 64 64 64 64 64 64 64 64 64 64 64 
        稳态(i=200..255)平均 = 64.0 cyc = 32.32 ns -> 单 warp 事务(512B)服务速率 15.8 GB/s

S=100ns  d[i] (i=0..39): 131 64 64 64 64 64 64 64 64 64 64 64 64 64 64 64 64 64 64 64 64 64 64 64 64 64 64 64 64 64 64 64 64 64 64 64 64 64 64 64 
        稳态(i=200..255)平均 = 64.0 cyc = 32.32 ns -> 单 warp 事务(512B)服务速率 15.8 GB/s

S=1000ns  d[i] (i=0..39): 131 64 64 64 64 64 64 64 64 64 64 64 64 64 64 64 64 64 64 64 64 64 64 64 64 64 64 64 64 64 64 64 64 64 64 64 64 64 64 64 
        稳态(i=200..255)平均 = 64.0 cyc = 32.32 ns -> 单 warp 事务(512B)服务速率 15.8 GB/s

S=10000ns  d[i] (i=0..39): 131 64 64 64 64 64 64 64 64 64 64 64 64 64 64 64 64 64 64 64 64 64 64 64 64 64 64 64 64 64 64 64 64 64 64 64 64 64 64 64 
        稳态(i=200..255)平均 = 64.0 cyc = 32.32 ns -> 单 warp 事务(512B)服务速率 15.8 GB/s

================ C) 本地 HBM 对照 (同样 burst, 看 knee 是不是 NVLink 专属) ================
     B    S(ns)   d[0..7]cyc  d[last8]cyc     knee N    burst总cyc
     8        0         72.4         72.4         -1            579
    16        0         72.4         64.0         -1           1091
    32        0         72.4         64.0         -1           2115
    64        0         72.4         64.0         -1           4163
   128        0         72.4         64.0         -1           8259
   256        0         72.4         64.0         -1          16451
   512        0         72.4         64.0         -1          32835
  1024        0         72.4         64.0         -1          65603

[读法] knee N = 缓冲填满前能免费塞进去的 warp 事务数,
       N * 512B = 缓冲字节容量(单 warp 视角)。
       S 增大后 knee N 变大 => 空闲期缓冲被排空了。

[done]
