# nv13_fifo_burst — NVIDIA H20, 1.980 GHz
# v2: grid=12 x block=1024 = 12288 线程同时 burst (聚合发射速率 >> 后端)
# 每个 burst step = 12288 线程 x 16B = 192.0 KB 的远端流量
# 只有 block0/lane0 采 clock64, 存 shared, kernel 末尾一次性写回
# 缓冲 1.06 GiB/卡

================ A) 远端 GPU0->GPU1: 第二个 burst 内每条 store 的发射间隔 (B x S 扫描) ================
每 burst step 搬 192 KB。knee N = 间隔首次连续3条 >2x 基线的下标
     B    S(ns)    base cyc     d[0..7]    d[last8]    knee N knee 字节(KB)       总cyc
     8        0       680.0       647.5       647.5      none             -         5180
     8      100       680.0       640.0       640.0      none             -         5120
     8     1000       620.5       610.2       610.2      none             -         4882
     8    10000       611.5       610.8       610.8      none             -         4886
    16        0       660.0       680.0       600.0      none             -        10240
    16      100       690.0       695.0       585.0      none             -        10240
    16     1000       605.5       652.8       600.4      none             -        10025
    16    10000       611.5       655.8       595.0      none             -        10006
    32        0       690.0       695.0       465.0      none             -        20480
    32      100       665.0       682.5       477.5      none             -        20480
    32     1000       612.0       656.0       475.0      none             -        20248
    32    10000       607.8       653.9       475.0      none             -        20231
    64        0       700.0       700.0       220.0      none             -        40960
    64      100       685.0       692.5       227.5      none             -        40960
    64     1000       613.2       656.6       235.0      none             -        40733
    64    10000       611.2       655.6       235.0      none             -        40725
   128        0       695.0       697.5       160.0      none             -        81920
   128      100       695.0       697.5       160.0      none             -        82045
   128     1000       610.0       655.0       160.0      none             -        81680
   128    10000       612.0       656.0       160.0      none             -        81688
   256        0       710.0       705.0       160.0      none             -       164135
   256      100       685.0       692.5       160.0      none             -       163840
   256     1000       612.0       656.0       160.0      none             -       163738
   256    10000       612.0       656.0       160.0      none             -       163867
   512        0      1358.5      1303.4       160.0      none             -       440789
   512      100      1306.8      1326.1       160.0      none             -       435431
   512     1000      1538.5      1230.0       160.0      none             -       421009
   512    10000       774.2      1005.9       160.0      none             -       431399
  1024        0      1284.5      1451.0       160.0      none             -       870139
  1024      100      1288.8      1356.2       160.0      none             -       859664
  1024     1000      1227.8      1380.0       160.0      none             -       886954
  1024    10000       710.8       926.9       160.0        21          4032       885233

================ B) 逐条明细 B=512: 看间隔序列长什么样 (前 48 条) ================

S=0     ns d[0..47]: 1588 1784 1084 1332 1004 1322 1004 890 1005 1087 1244 1224 1172 1281 1730 1694 1717 1357 1691 1710 1363 1337 1099 1503 1779 1885 1391 1432 1533 1045 1678 796 1370 985 1119 703 1098 965 1041 763 1412 875 948 1277 1157 1488 1279 1190 
           稳态(最后64条)平均 251.7 cyc = 127.13 ns/step; 聚合服务速率 = 1546.5 GB/s

S=100   ns d[0..47]: 1216 1065 1627 1512 1442 1214 1687 1569 1203 1696 1507 1390 1702 1576 2872 1476 2604 1113 1769 1467 1384 1685 1238 1623 932 1041 995 1058 742 774 865 745 1507 1063 1138 1032 945 886 1495 907 1055 1087 1051 1001 1535 1176 1059 765 
           稳态(最后64条)平均 243.2 cyc = 122.84 ns/step; 聚合服务速率 = 1600.6 GB/s

S=1000  ns d[0..47]: 528 1753 1210 1122 787 981 1038 1178 1231 957 1491 1345 700 846 1839 1418 800 955 710 1191 1087 969 1247 1144 846 1013 1014 1842 2048 1073 1748 828 1363 746 1420 1290 2307 1667 1429 1451 1080 1751 1407 1265 1107 1228 1531 1337 
           稳态(最后64条)平均 250.8 cyc = 126.67 ns/step; 聚合服务速率 = 1552.2 GB/s

S=10000 ns d[0..47]: 394 633 700 1002 1367 758 1288 945 1153 1378 947 1427 751 896 927 1107 977 1211 1120 1032 1183 941 914 903 715 1553 1371 1721 1353 1111 1252 1515 2251 857 783 700 700 700 700 700 700 700 700 738 1348 834 700 700 
           稳态(最后64条)平均 247.4 cyc = 124.96 ns/step; 聚合服务速率 = 1573.4 GB/s

================ C) 本地 HBM 对照 (同 grid/block, 看 knee 是否 NVLink 专属) ================
     B    S(ns)    base cyc     d[0..7]    d[last8]    knee N       总cyc
     8        0       532.0       512.9       512.9        -1         4103
    16        0       528.8       544.0       480.6        -1         8197
    32        0       552.0       556.0       372.1        -1        16385
    64        0       560.0       560.0       176.1        -1        32769
   128        0       560.0       560.0       126.4        -1        65540
   256        0       560.0       560.0       125.0        -1       131081
   512        0       564.0       562.0       125.1        -1       262154
  1024        0       544.0       552.0       116.2        -1       524341

================ D) 排空实验: 固定 B=512, 细扫空闲时间 S, 看 knee/首条间隔如何恢复 ================
若 S 越大 -> 第一条间隔越小 / knee 越靠后, 说明积压在空闲期被排空
     S(ns)        d[0]     d[0..7]    d[last8]    knee N       总cyc
         0       961.0      1095.9       160.2        -1       447454
        50      1132.0      1235.4       185.0        -1       443072
       100      1564.0      1083.9       160.0        -1       438995
       200       946.0      1274.1       160.0        -1       453041
       500       433.0      1228.6       160.0        -1       448565
      1000      1082.0      1517.1       160.0        -1       442249
      2000       398.0       881.9       160.0        32       445580
      5000       431.0       830.0       160.0        18       435418
     10000       394.0       874.9       171.5        25       432162
     20000       394.0       845.2       160.0        79       420950
     50000       431.0      1201.2       160.0         4       415254

================ E) 关键: 扫 GRID —— knee 的字节位置是否与 grid 无关(=真实硬件容量)? ================
若 knee_N * step_bytes 在不同 grid 下收敛到同一个字节数, 那就是缓冲容量
  grid      step KB    base cyc  稳态 cyc    knee N  knee 累计KB   发射GB/s
     1         16.0       700.0       220.9        -1           -1.0        146.8
     2         32.0       700.0       220.9        -1           -1.0        293.7
     3         48.0       700.0       220.9        -1           -1.0        440.5
     4         64.0       695.0       220.3        -1           -1.0        589.0
     6         96.0       695.0       220.3        -1           -1.0        883.5
     8        128.0       735.2       220.9        -1           -1.0       1174.6
    12        192.0      1030.2       220.9        -1           -1.0       1762.0
    16        256.0       856.2       239.1        -1           -1.0       2170.9
    24        384.0      2448.2       242.3        -1           -1.0       3213.1
    32        512.0      1204.0       256.6        -1           -1.0       4045.4

================ F) LOAD 版 burst (有真依赖, 可信): 单 warp grid=1 block=1024 逐条完成间隔 ================
store 版无法测(fire-and-forget, clk 与完成无依赖, 见 E 段矛盾数据)。
load 版 clk() 通过返回值建立真依赖 -> d[i] 是真实完成间隔。
  grid    S(ns)      step KB    base cyc  稳态 cyc    knee N  knee 累计KB
     1        0         16.0      1745.2      1694.6        -1           -1.0
     1    10000         16.0      1737.5      1693.4        -1           -1.0
     2        0         32.0      1746.8      1700.8        -1           -1.0
     2    10000         32.0      1756.5      1702.8        -1           -1.0
     4        0         64.0      1732.8      1695.5        -1           -1.0
     4    10000         64.0      1757.5      1698.1        -1           -1.0
     8        0        128.0      2084.2      1890.2        -1           -1.0
     8    10000        128.0      2132.8      1866.8        -1           -1.0
    12        0        192.0      2218.8      2092.2        -1           -1.0
    12    10000        192.0      2269.5      2076.2        -1           -1.0

================ F2) LOAD 版逐条明细 grid=1 (16KB/step), S=0 vs 10us, 前 48 条 ================

S=0     ns d[0..47]: 1794 1726 1715 1791 1674 1694 1792 1773 1779 1734 1671 1708 1758 1773 1620 1659 1628 1670 1734 1777 1640 1647 1758 1784 1732 1755 1622 1665 1763 1766 1664 1676 1748 1774 1653 1664 1747 1753 1670 1661 1679 1633 1756 1766 1614 1659 1720 1791 
           稳态平均 1693.3 cyc = 855.2 ns/16KB -> 19.2 GB/s (对照 nv09 单SM读 50.5GB/s)

S=10000 ns d[0..47]: 1801 1692 1726 1775 1683 1682 1771 1786 1767 1721 1661 1673 1742 1759 1634 1662 1649 1654 1770 1798 1640 1657 1754 1777 1732 1765 1631 1683 1770 1774 1663 1679 1735 1763 1626 1679 1740 1738 1663 1645 1683 1636 1755 1761 1616 1667 1736 1789 
           稳态平均 1695.0 cyc = 856.1 ns/16KB -> 19.1 GB/s (对照 nv09 单SM读 50.5GB/s)

[读法] knee N = 缓冲填满前能免费塞进去的 burst step 数,
       N * step_bytes = 缓冲字节容量; E/F 段跨 grid 的收敛值最可信。
       S 增大后 knee N 变大/d[0] 变小 => 空闲期缓冲被排空了。
[警告] A-E 段用 store, 已被 E 段自证不可信(算出 >370GB/s 的发射速率);
       结论请以 F 段 load 版为准。

[done]
