# nv15_l2_local_caches_remote — NVIDIA H20 x4, L2=60MB

================ A) GPU0 pointer-chase GPU1 的 buffer: 延迟 vs working set ================
| WS | remote ld.global (cyc) | remote .cv (cyc) | remote .nc (cyc) | local ld.global (cyc) |
|---|---|---|---|---|
| 4 KB     |   38.8 | 1635.8 |   38.9 |   38.8 |
| 16 KB    |   38.8 | 1584.3 |   38.9 |   38.8 |
| 64 KB    |   38.8 | 1586.2 |   38.9 |   38.8 |
| 256 KB   |  232.3 | 1581.8 |  232.4 |   69.4 |
| 1 MB     |   38.8 | 1583.1 |   38.9 |   38.8 |
| 4 MB     |   39.1 | 1583.3 |   39.2 |   38.8 |
| 16 MB    | 1248.8 | 1583.1 | 1251.0 |  229.5 |
| 32 MB    | 1583.2 | 1583.3 | 1583.3 |  282.1 |
| 48 MB    | 1581.6 | 1581.6 | 1581.6 |  282.1 |
| 64 MB    | 1582.8 | 1582.8 | 1582.8 |  281.9 |
| 96 MB    | 1583.8 | 1583.9 | 1583.9 |  282.6 |
| 128 MB   | 1583.4 | 1583.4 | 1583.4 |  282.1 |
| 256 MB   | 1577.8 | 1577.7 | 1577.7 |  281.8 |

================ B) GPU0 流式读 GPU1 buffer: 有效带宽 vs working set (reps 使总量恒定) ================
| WS | ld.global GB/s | ld.volatile GB/s | ratio |
|---|---|---|---|
| 4 KB     |       45.7 |        4.4 | 10.46x |
| 16 KB    |      182.3 |       17.5 | 10.44x |
| 64 KB    |      727.9 |       67.3 | 10.82x |
| 256 KB   |     2589.1 |      263.7 |  9.82x |
| 1 MB     |     6102.3 |      350.1 | 17.43x |
| 4 MB     |     7137.2 |      339.4 | 21.03x |
| 16 MB    |     3299.1 |      356.4 |  9.26x |
| 32 MB    |      396.0 |      360.0 |  1.10x |
| 48 MB    |      365.0 |      362.5 |  1.01x |
| 64 MB    |      365.2 |      365.0 |  1.00x |
| 96 MB    |      365.1 |      364.6 |  1.00x |
| 128 MB   |      367.0 |      367.2 |  1.00x |
| 256 MB   |      368.7 |      368.3 |  1.00x |

================ C) [决定性] NVLink 硬件计数器: 反复读 N 遍远端 WS, 线上 Rx 字节是 1x 还是 Nx? ================
如果 dataRx/(1*WS) ~= N  -> 每遍都走 NVLink, 未被本地缓存
如果 dataRx/(1*WS) ~= 1  -> 只拉了一遍, 后续命中 GPU0 本地 L2

| WS | N(reps) | 逻辑读取量 MB | GPU0 dataRx MB | dataRx/WS | 判定 |
|---|---|---|---|---|---|
| 4 MB    |  64 |       268 |        4.2 |   1.00 | **被本地缓存** |
| 16 MB   |  32 |       537 |       21.1 |   1.26 | **被本地缓存** |
| 32 MB   |  16 |       537 |      249.4 |   7.43 | **被本地缓存** |
| 48 MB   |  12 |       604 |      601.4 |  11.95 | 未缓存(每遍上线) |
| 128 MB  |   8 |      1074 |     1073.7 |   8.00 | 未缓存(每遍上线) |
| 256 MB  |   4 |      1074 |     1073.7 |   4.00 | 未缓存(每遍上线) |

================ C2) 同上但用 ld.volatile (应当强制每遍都上线, 作为阳性对照) ================
| WS | N | GPU0 dataRx MB | dataRx/WS |
|---|---|---|---|
| 4 MB    |  64 |      268.4 |  64.00 |
| 16 MB   |  32 |      536.9 |  32.00 |
| 32 MB   |  16 |      536.9 |  16.00 |
| 48 MB   |  12 |      604.0 |  12.00 |

[done]
