# nv17_write_visibility — NVIDIA H20

================ (a) 单个 store 的发射延迟 vs 完成延迟 (每次写不同 8KB-stride 地址) ================
| 模式 | 本地 cyc | 本地 ns | 远端 cyc | 远端 ns | 远端-本地 cyc |
|---|---|---|---|---|---|
| st 裸发射 (无 fence)       |      7.6 |     3.8 |      7.6 |     3.8 |      0.0 |
| st + __threadfence_block()     |     25.1 |    12.7 |     25.1 |    12.7 |      0.0 |
| st + __threadfence()           |    502.4 |   253.7 |    593.8 |   299.9 |     91.4 |
| st + __threadfence_system()    |   1179.7 |   595.8 |   1788.6 |   903.3 |    608.9 |

推导:
  远端写确认往返 (sys fence - 裸发射, 远端)   =   1781.0 cyc =   899.5 ns
  本地写确认往返 (sys fence - 裸发射, 本地)   =   1172.1 cyc =   592.0 ns
  纯 NVLink ack 附加成本 (两者相减)          =    608.9 cyc =   307.5 ns

================ (b) 写后读: 同地址 vs 不同地址 (看是否有 write-combining/store-forward) ================
| 模式 | 本地 cyc | 远端 cyc | 远端 ns |
|---|---|---|---|
| 写 X 后读 X (同地址)   |    316.3 |   1629.0 |    822.7 |
| 写 X 后读 X+16KB (异地址) |    292.3 |   1598.0 |    807.1 |
| 只读 (无写, 基线)      |     27.8 |    112.3 |     56.7 |

  远端 同地址 vs 异地址 差 = -31.0 cyc (-15.6 ns)  -> 存在转发/合并效应
  远端 写+读 vs 纯读 差   = 1516.7 cyc  -> store 是否阻塞后续 load

================ (c) 计数器: 远端写的 Tx/Rx 流量比 -> 反推 ack 包开销 ================
| 负载 | payload MB | dataTx MB | dataRx MB | rawTx MB | rawRx MB | Rx/Tx(data) | Rx/Tx(raw) | raw/data |
|---|---|---|---|---|---|---|---|---|
| 远端写 st.global.v4 (128b) |     1074 |    1073.7 |       0.0 |   1214.2 |    972.0 |     0.0000 |    0.8005 |   2.0361 |
| 远端写 st.global.u32 (32b) |     1074 |    1073.7 |       0.0 |   1222.7 |    977.4 |     0.0000 |    0.7994 |   2.0490 |
| 远端读 ld.volatile.v4 (对照) |     1074 |       0.0 |    1073.7 |    830.2 |   1211.4 |     0.0000 |    1.4592 |   1.9013 |

对写负载: dataTx≈payload 是写数据本身; rawRx 是回来的 ack 流量。
每 128B 写事务的 ack 线上字节 ≈ rawRx/(payload/128)

[done]
