# nv18_hop_jitter — NVIDIA H20 x4, 4096 次单发采样/目标

clk() 背靠背开销: min=7 p50=7 max=7 cyc (下表数字未扣除, 影响 <7 cyc)

================ A) 单发远端读延迟分布 (cycles), 512MB WS, ld.global.cv 强制 miss ================
| 目标 | min | p50 | p90 | p99 | p99.9 | max | mean | stddev | p99/p50 |
|---|---|---|---|---|---|---|---|---|---|
| local HBM (GPU0) |    24 |   665 |   772 |  1128 |  1187 |   1201 |  643.1 |  154.2 |  1.70 |
| GPU0 -> GPU1     |    24 |  1849 |  1940 |  2287 |  2366 |   2457 | 1846.0 |  137.7 |  1.24 |
| GPU0 -> GPU2     |    24 |  1858 |  1962 |  2303 |  2409 |   2614 | 1858.0 |  140.5 |  1.24 |
| GPU0 -> GPU3     |    24 |  1850 |  1953 |  2311 |  2368 |   2591 | 1852.2 |  141.5 |  1.25 |

================ B) 同上, 换算 ns @1.98GHz ================
| 目标 | min | p50 | p90 | p99 | max |
|---|---|---|---|---|---|
| local HBM (GPU0) |   12.1 |  335.9 |  389.9 |  569.7 |   606.6 |
| GPU0 -> GPU1     |   12.1 |  933.8 |  979.8 | 1155.1 |  1240.9 |
| GPU0 -> GPU2     |   12.1 |  938.4 |  990.9 | 1163.1 |  1320.2 |
| GPU0 -> GPU3     |   12.1 |  934.3 |  986.4 | 1167.2 |  1308.6 |

================ C) NVSwitch 对称性: 各 peer 相对 GPU1 的 p50 偏差 ================
  GPU0 -> GPU1     p50=  1849 cyc  偏差   +0.0 cyc (+0.00%)
  GPU0 -> GPU2     p50=  1858 cyc  偏差   +9.0 cyc (+0.49%)
  GPU0 -> GPU3     p50=  1850 cyc  偏差   +1.0 cyc (+0.05%)

  peer 间 p50 极差 = 9 cyc (4.5 ns) -> 完全对称, 与 1-hop NVSwitch 全互联一致

================ D) 直方图 ================

直方图 local HBM (GPU0) (bucket=81 cyc, 最后一桶=溢出/尾部):
  24-104              1   0.0% |
  186-266            92   2.2% |###
  267-347            81   2.0% |##
  348-428            44   1.1% |#
  429-509           183   4.5% |######
  510-590          1516  37.0% |##################################################
  591-671           169   4.1% |#####
  672-752          1337  32.6% |############################################
  753-833           391   9.5% |############
  834-914            87   2.1% |##
  915-995            83   2.0% |##
  996-1076           47   1.1% |#
  1077-1157          51   1.2% |#
  >=1158             14   0.3% |

直方图 GPU0 -> GPU1 (bucket=164 cyc, 最后一桶=溢出/尾部):
  24-187              1   0.0% |
  1336-1499          49   1.2% |#
  1500-1663         277   6.8% |#######
  1664-1827        1522  37.2% |#######################################
  1828-1991        1918  46.8% |##################################################
  1992-2155         150   3.7% |###
  2156-2319         160   3.9% |####
  >=2320             19   0.5% |

直方图 GPU0 -> GPU2 (bucket=166 cyc, 最后一桶=溢出/尾部):
  24-189              1   0.0% |
  1352-1517          65   1.6% |#
  1518-1683         262   6.4% |#######
  1684-1849        1640  40.0% |#############################################
  1850-2015        1790  43.7% |##################################################
  2016-2181         177   4.3% |####
  2182-2347         150   3.7% |####
  >=2348             11   0.3% |

直方图 GPU0 -> GPU3 (bucket=165 cyc, 最后一桶=溢出/尾部):
  24-188              1   0.0% |
  1344-1508          59   1.4% |#
  1509-1673         275   6.7% |#######
  1674-1838        1591  38.8% |###########################################
  1839-2003        1819  44.4% |##################################################
  2004-2168         178   4.3% |####
  2169-2333         153   3.7% |####
  >=2334             20   0.5% |

[done]
