# nv19_fence_cost — NVIDIA H20

================ A) fence 裸代价 (无 in-flight 访存, 空转) ================
| 屏障 | cycles | ns | 扣基线后 cyc |
|---|---|---|---|
| (无 fence, 基线)      |     0.00 |    0.00 |     0.00 |
| membar.cta               |    12.01 |    6.07 |    12.01 |
| membar.gl                |   275.51 |  139.15 |   275.51 |
| membar.sys               |  1166.54 |  589.16 |  1166.53 |
| fence.acq_rel.cta        |    11.92 |    6.02 |    11.91 |
| fence.acq_rel.gpu        |   275.51 |  139.15 |   275.51 |
| fence.acq_rel.sys        |  1166.81 |  589.30 |  1166.80 |
| fence.sc.gpu             |   275.50 |  139.14 |   275.50 |
| fence.sc.sys             |  1166.54 |  589.16 |  1166.53 |
| __threadfence_block()    |    11.92 |    6.02 |    11.91 |
| __threadfence()          |   275.51 |  139.15 |   275.51 |
| __threadfence_system()   |  1166.57 |  589.18 |  1166.56 |

================ B) [核心] fence 代价 vs in-flight 远端 store 数 K (只计时 fence 本身) ================
目标: 若代价随 K 线性增长 -> fence 在等每个 outstanding 写的 ack

| K (in-flight 远端 store) | 无fence | threadfence() | threadfence_system() | membar.sys |
|---|---|---|---|---|
|   0 |      7.0 |         271.0 |               1161.0 |     1161.0 |
|   1 |      7.0 |         575.0 |               1756.0 |     1756.0 |
|   2 |      7.0 |         575.0 |               1779.0 |     1780.0 |
|   4 |      7.0 |         575.0 |               1795.0 |     1794.0 |
|   8 |      7.0 |         575.0 |               1796.0 |     1796.0 |
|  16 |      7.0 |         576.0 |               1794.0 |     1794.0 |
|  32 |      7.0 |         579.0 |               1795.0 |     1795.0 |
|  64 |      7.0 |         590.0 |               1795.0 |     1795.0 |

斜率分析 (__threadfence_system):
  K= 0 -> K= 1 : 增量   +595.0 cyc, 每多一个 in-flight 写 +595.00 cyc
  K= 1 -> K= 2 : 增量    +23.0 cyc, 每多一个 in-flight 写  +23.00 cyc
  K= 2 -> K= 4 : 增量    +16.0 cyc, 每多一个 in-flight 写   +8.00 cyc
  K= 4 -> K= 8 : 增量     +1.0 cyc, 每多一个 in-flight 写   +0.25 cyc
  K= 8 -> K=16 : 增量     -2.0 cyc, 每多一个 in-flight 写   -0.25 cyc
  K=16 -> K=32 : 增量     +1.0 cyc, 每多一个 in-flight 写   +0.06 cyc
  K=32 -> K=64 : 增量     +0.0 cyc, 每多一个 in-flight 写   +0.00 cyc

  K=0 -> K=64 总增量 = 634.0 cyc; 若 fence 串行等每个 ack, 预期应 ~64*远端往返(~1580)=101120 cyc
  实测/串行预期 = 0.0063  -> 远小于串行, 说明写是流水/并行发出的, fence 只等整体排空

================ B2) 同上但 store 打到本地 HBM (对照, 隔离 NVLink 因素) ================
| K | 无fence | threadfence() | threadfence_system() |
|---|---|---|---|
|   0 |      7.0 |         271.0 |               1161.0 |
|   1 |      7.0 |         484.0 |               1161.0 |
|   2 |      7.0 |         562.0 |               1161.0 |
|   4 |      7.0 |         577.0 |               1161.0 |
|   8 |      7.0 |         589.0 |               1161.0 |
|  16 |      7.0 |         600.0 |               1161.0 |
|  32 |      7.0 |         613.0 |               1161.0 |
|  64 |      7.0 |         634.0 |               1161.0 |

================ D) st.release vs st.global + membar (每次 store 的摊销代价) ================
| 形式 | 本地 cyc | 本地 ns | 远端 cyc | 远端 ns |
|---|---|---|---|---|
| st.global.u32 (裸)      |      9.5 |     4.8 |      9.5 |     4.8 |
| st.release.sys.global    |   1169.2 |   590.5 |   1775.5 |   896.7 |
| st.global + membar.sys   |   1185.3 |   598.7 |   1793.9 |   906.0 |
| st.release.gpu.global    |    491.9 |   248.5 |    583.2 |   294.6 |
| st.global + membar.gl    |    508.0 |   256.6 |    599.2 |   302.6 |

  远端: release.sys(1775.5) vs st+membar.sys(1793.9) 差 = -18.4 cyc -> 两者等价
  远端: release.gpu(583.2) vs release.sys(1775.5) 差 = +1192.2 cyc -> scope 提升的代价

[done]
