# nv20_atomic_lat — NVIDIA H20, SM clock 1.980 GHz, NITER=2000
# 单线程 <<<1,1>>> 串行原子; atom.* 用返回值做地址依赖强制串行,
# red.* 无返回值故测发射间隔, 另给 red+membar.sys 的完成延迟。

================ A) 32-bit 原子, 有返回值 atom.* (串行依赖链) — scope=.gpu ================
操作                              本地cyc  远端cyc   本地ns   远端ns    远/本
atom.gpu.add.u32                        531.0     1704.7    268.188    860.979       3.21
atom.gpu.exch.b32                       531.0     1704.7    268.183    860.976       3.21
atom.gpu.cas.b32                        533.1     1714.8    269.229    866.047       3.22
atom.gpu.min.u32                        531.0     1704.8    268.186    861.003       3.21
atom.gpu.and.b32                        531.0     1704.9    268.186    861.065       3.21

================ B) 同上但 scope=.sys ================
操作                              本地cyc  远端cyc   本地ns   远端ns    远/本
atom.sys.add.u32                        531.1     1705.2    268.211    861.199       3.21
atom.sys.exch.b32                       531.0     1704.5    268.191    860.860       3.21
atom.sys.cas.b32                        533.0     1714.0    269.205    865.676       3.22
atom.sys.min.u32                        531.0     1704.8    268.173    861.014       3.21
atom.sys.and.b32                        531.0     1704.5    268.196    860.871       3.21
atom.add.release.sys.u32               1689.0     2862.6    853.017   1445.739       1.69
atom.add.acquire.sys.u32                539.7     1712.4    272.553    864.872       3.17
atom.cta.add.u32 (对照)               531.0     1704.7    268.189    860.935       3.21

================ C) 宽度扫描, 有返回值 atom.* ================
操作                              本地cyc  远端cyc   本地ns   远端ns    远/本
atom.gpu.add.u64                        537.0     1708.4    271.214    862.825       3.18
atom.sys.add.u64                        537.0     1708.4    271.210    862.835       3.18
atom.gpu.exch.b64                       537.0     1708.8    271.222    863.010       3.18
atom.gpu.add.f32                        534.3     1708.1    269.858    862.673       3.20
atom.sys.add.f32                        534.3     1708.1    269.854    862.675       3.20
atom.gpu.add.f64                        557.3     1728.1    281.487    872.764       3.10

================ D) 无返回值 red.* —— 发射间隔 (fire-and-forget, 无 fence) ================
   这一栏测的是 issue rate, 不是完成延迟。远端若≈本地 -> posted。
操作                              本地cyc  远端cyc   本地ns   远端ns    远/本
red.gpu.add.u32                          46.0       46.0     23.234     23.234       1.00
red.sys.add.u32                          46.0       46.0     23.234     23.234       1.00
red.cta.add.u32                          46.0       46.0     23.234     23.234       1.00
red.gpu.min.u32                          72.0       72.0     36.366     36.366       1.00
red.gpu.and.b32                          72.0       72.0     36.366     36.366       1.00
red.gpu.add.u64                          48.0       48.0     24.245     24.245       1.00
red.gpu.add.f32                          27.0       27.0     13.639     13.639       1.00
red.gpu.add.f64                          27.0       27.0     13.640     13.640       1.00
st.global.u32 (非原子对照)          40.0       40.0     20.203     20.203       1.00

================ E) red.* + membar.sys —— 强制等完成, 得到真实完成延迟 ================
操作                              本地cyc  远端cyc   本地ns   远端ns    远/本
red.gpu.add.u32 + fence.sys            1200.4     1891.7    606.243    955.421       1.58
red.sys.add.u32 + fence.sys            1200.3     1891.7    606.220    955.405       1.58
red.gpu.add.u64 + fence.sys            1204.3     1892.9    608.216    956.024       1.57
st.global.u32 + fence.sys              1190.5     1845.5    601.255    932.070       1.55
ld.volatile.u32 (纯读延迟对照)      316.3     1663.6    159.752    840.223       5.26

[读法] atom(有返回) - red(无返回,无fence) = 等返回值的往返代价。
       red+fence ≈ 完成延迟; red 裸值 ≈ 发射间隔。

[done]
