# nv21_atomic_tput — NVIDIA H20, 78 SM, 1.980 GHz
# grid=624 block=256 -> 159744 线程, 每线程 64 次原子, 共 10.2 M ops/kernel

================ 布局: slot 间隔 4B (同 line 内多 slot) ================
     NSLOT  warp    本地atom    远端atom  本/远 |     本地red     远端red  本/远
           聚合        Mops/s        Mops/s        x |        Mops/s        Mops/s        x
         1    32x        1366.4         368.8     3.70 |        1366.7         368.8     3.71
         2    16x        2611.4         983.3     2.66 |        2611.6         983.4     2.66
         4     8x        5219.9        1965.8     2.66 |        5220.7        1966.2     2.66
         8     4x       12645.6        2947.5     4.29 |       12652.8        2948.1     4.29
        32     1x       12889.7        4713.4     2.73 |       12898.7        4714.8     2.74
       128     1x       19442.2        6229.3     3.12 |       19620.2        6231.6     3.15
      1024     1x       75576.7       24059.0     3.14 |       75120.6       24754.4     3.03
     65536     1x      303599.6       48766.9     6.23 |      350572.0       49469.1     7.09
   1048576     1x      308088.7       48662.9     6.33 |      385544.6       49058.9     7.86
[warp聚合] NSLOT<32 时 warp 内多个 lane 撞同一 slot, SM 会先做
           intra-warp 原子聚合, 实际发到 L2 的原子数 = 名义数/聚合倍数。

================ 布局: slot 间隔 128B (每 slot 独占 128B line) ================
     NSLOT  warp    本地atom    远端atom  本/远 |     本地red     远端red  本/远
           聚合        Mops/s        Mops/s        x |        Mops/s        Mops/s        x
         1    32x        1366.4         368.8     3.70 |        1366.7         368.9     3.71
         2    16x        1179.4         368.8     3.20 |        1175.3         368.8     3.19
         4     8x        2345.9         737.5     3.18 |        2344.4         737.6     3.18
         8     4x        2634.6        1474.7     1.79 |        2641.9        1474.9     1.79
        32     1x       10476.5        2947.7     3.55 |       10502.3        2948.0     3.56
       128     1x       26711.6        5796.9     4.61 |       30950.1        5884.6     5.26
      1024     1x       48858.8        5709.4     8.56 |       61396.7        5710.8    10.75
     65536     1x       75345.0        6502.5    11.59 |       93472.2        6508.0    14.36
   1048576     1x       75374.6        6601.4    11.42 |       94133.2        6592.0    14.28
[warp聚合] NSLOT<32 时 warp 内多个 lane 撞同一 slot, SM 会先做
           intra-warp 原子聚合, 实际发到 L2 的原子数 = 名义数/聚合倍数。

================ .sys scope 对照 (slot 独占 128B line, atom 有返回) ================
     NSLOT     远端.gpu     远端.sys
                   Mops/s         Mops/s
         1          368.8          368.8
         2          368.8          368.8
         4          737.6          737.5
         8         1474.5         1474.7
        32         2947.3         2947.7
       128         5802.2         5801.8
      1024         5709.1         5710.5
     65536         6500.9         6502.5
   1048576         6601.9         6601.4

================ 关键换算 ================
满竞争 NSLOT=1 (注意: 有 32:1 intra-warp 聚合, L2 侧真实请求数为名义值/32):
  远端 atom     368.8 Mops/s(名义) -> L2侧     11.5 Mops/s -> 每次L2原子   86.76 ns
  远端 red      368.8 Mops/s(名义) -> L2侧     11.5 Mops/s -> 每次L2原子   86.76 ns
  本地 atom    1366.4 Mops/s(名义) -> L2侧     42.7 Mops/s -> 每次L2原子   23.42 ns
  NSLOT=32 (无 warp 聚合, 每 lane 独占 slot) 才是干净的满竞争对照, 见上表。
  参考: 一次 NVLink 往返(nv20 单线程 atom 远端) = 861 ns
  -> 若 满竞争每op间隔 << 861ns, 说明原子在远端就地流水执行,
     而不是每次把 line 拉回本地做。
无竞争 NSLOT=1M:
  远端 atom    6599.7 Mops/s =    26.4 GB/s(按4B请求算) 
  远端 red     6593.2 Mops/s =    26.4 GB/s
  本地 atom   75285.8 Mops/s =   301.1 GB/s
  参考: nv01 NVLink 远端写基线 370 GB/s (16B/线程 store)

[done]
