# nv22_atomic_where — NVIDIA H20, 78 SM, 1.980 GHz
# GPU0 发起, 目标在 GPU1。计数器 Data bytes = 协议净荷。
# 注意: 计数器是全卡累积值且有 ~100ms 级采样粒度, 已用 400ms sleep 隔离。
# grid=312 block=256 -> 79872 线程

================ 证据 A) 满竞争(单地址)吞吐 vs 单次往返延迟 ================
case                                 Mops/s ns/op(串行化) vs 861ns往返
远端 atom 满竞争               11799.5         0.0847        10159.4x 更快
远端 red  满竞争               11799.7         0.0847        10159.6x 更快
本地 atom 满竞争               43695.6         0.0229        37621.9x 更快
本地 red  满竞争               43715.3         0.0229        37638.9x 更快

[读法] 若 ns/op 远小于 861ns, 说明来自不同线程的原子请求被
       **流水化**了(不是每次都等一个完整往返)。但这不能区分
       流水发生在本地还是远端 —— 需要证据 B。

================ 证据 B) wire byte 计数 —— N 次单地址远端原子, 流量是否 ∝ N ? ================
[判决] H_local(拉回本地做): wire 流量与 N 无关(常数);
       H_remote(远端就地做): wire Tx/Rx 都 ∝ N, B/op 为常数。

case                             Mops        ms | G0 dTx MB G0 dRx MB |  B/op Tx  B/op Rx | G1 dTx MB G1 dRx MB
远端 atom 单地址 it=500       39.9      3.53 |      20.0      20.0 |     0.50     0.50 |      20.0      20.0
远端 atom 单地址 it=1000       79.9      6.93 |      39.9      39.9 |     0.50     0.50 |      39.9      39.9
远端 atom 单地址 it=2000      159.7     13.73 |      79.9      79.9 |     0.50     0.50 |      79.9      79.9
远端 atom 单地址 it=4000      319.5     27.34 |     159.7     159.7 |     0.50     0.50 |     159.7     159.7

远端 red  单地址 it=500       39.9      3.51 |      20.0       0.0 |     0.50     0.00 |       0.0      20.0
远端 red  单地址 it=1000       79.9      6.89 |      39.9       0.0 |     0.50     0.00 |       0.0      39.9
远端 red  单地址 it=2000      159.7     13.66 |      79.9       0.0 |     0.50     0.00 |       0.0      79.9
远端 red  单地址 it=4000      319.5     27.19 |     159.7       0.0 |     0.50     0.00 |       0.0     159.7

================ 证据 C) atom(有返回) vs red(无返回) 的 Rx 流量对比 + 无竞争对照 ================
[判决] 若远端执行: atom 的 G0-Rx (响应包) 应显著 > red 的 G0-Rx。

case                             Mops        ms | G0 dTx MB G0 dRx MB |  B/op Tx  B/op Rx | G1 dTx MB G1 dRx MB
远端 atom 单地址           159.7     13.74 |      79.9      79.9 |     0.50     0.50 |      79.9      79.9
远端 red  单地址           159.7     13.66 |      79.9       0.0 |     0.50     0.00 |       0.0      79.9
远端 st32 单地址           159.7      0.19 |       0.1       0.0 |     0.00     0.00 |       0.0       0.1
远端 atom 无竞争(独占line)       39.9      6.33 |     639.0     639.0 |    16.00    16.00 |     639.0     639.0
远端 red  无竞争(独占line)       39.9      6.33 |     639.0       0.0 |    16.00     0.00 |       0.0     639.0

本地对照(不应产生 NVLink 流量, 用于确认计数器背景噪声):
本地 atom 单地址           159.7      3.68 |       0.0       0.0 |     0.00     0.00 |       0.0       0.0

[done]
