# nv26_vc_interference — NVIDIA H20 x4, 78 SM, 1.980 GHz

================ A) 单类流量基线 T_solo (全速) ================
| 流量类型 | 逻辑字节/次(MB) | 时长(ms) | T_solo (GB/s) |
|---|---|---|---|
| STORE | 6442.5 | 17.4 | 370.5 |
| LOAD | 6442.5 | 22.6 | 285.3 |
| ATOMIC | 1677.7 | 5.3 | 317.5 |

================ A2) NVLink 硬件计数器校验 (GPU0 视角) ================
STORE              payload= 25769.8 MB | dataTx= 25769.8 dataRx=     0.0 rawTx= 29179.1 rawRx= 23358.9 MB | raw/data=2.039  wire/payload=2.039
LOAD               payload= 25769.8 MB | dataTx=     0.0 dataRx= 25769.8 rawTx= 19796.8 rawRx= 31484.1 MB | raw/data=1.990  wire/payload=1.990
ATOMIC             payload=  6710.9 MB | dataTx=  6710.9 dataRx=     0.0 rawTx=  8573.0 rawRx=  6709.8 MB | raw/data=2.277  wire/payload=2.277

================ B) 全速并发 3x3 干扰矩阵 ================
每格: (T_pair_A/T_solo_A , T_pair_B/T_solo_B) | 聚合 GB/s

| A \ B | STORE | LOAD | ATOMIC |
|---|---|---|---|
| **STORE** | (0.50, 0.50) 371 | (0.98, 0.62) 356 | (0.77, 0.24) 361 |
| **LOAD** | (0.62, 0.98) 355 | (0.65, 0.65) 373 | (0.85, 0.98) 307 |
| **ATOMIC** | (0.23, 0.77) 361 | (0.97, 0.85) 305 | (0.51, 0.51) 324 |

================ B2) 全速并发绝对带宽 (GB/s) ================
| A \ B | STORE | LOAD | ATOMIC |
|---|---|---|---|
| **STORE** | A=185 B=185 | A=362 B=178 | A=287 B=75 |
| **LOAD** | A=178 B=363 | A=186 B=186 | A=244 B=312 |
| **ATOMIC** | A=75 B=287 | A=306 B=242 | A=162 B=162 |

solo: STORE=370.5 LOAD=285.3 ATOMIC=317.5 GB/s

================ C) 节流标定 —— 把单类流量压到 ~30% 带宽 ================
两个节流旋钮:
  (1) 活跃 warp 数: 减少每 block 的并发访存请求
  (2) grid 大小: 减少参与的 SM 数
对 LOAD 有效的是 (1)(读要等返回, 受 outstanding 请求数限制);
STORE 是 fire-and-forget, 1 warp/SM 就能灌满链路, 只能用 (2)。

注入率曲线 A — 活跃 warp 数 (grid=78 固定):
| 类型 | 1w | 2w | 3w | 4w | 6w | 8w(全速) |
|---|---|---|---|---|---|---|
| STORE | 367 | 366 | 367 | 366 | 370 | 371 |
| LOAD | 44 | 88 | 127 | 157 | 218 | 285 |
| ATOMIC | 256 | 292 | 313 | 315 | 316 | 318 |

注入率曲线 B — grid 大小 (8 warp/block 全速):
| 类型 | 4blk | 9blk | 19blk | 39blk | 78blk(全速) |
|---|---|---|---|---|---|
| STORE | 203 | 322 | 371 | 368 | 371 |
| LOAD | 15 | 34 | 72 | 147 | 285 |
| ATOMIC | 197 | 278 | 321 | 317 | 313 |

标定结果 (目标 30% solo):
| 类型 | grid | 活跃warp | T_solo(节流) GB/s | 占全速比 |
|---|---|---|---|---|
| STORE | 4 | 1 | 103.8 | 0.28 |
| LOAD | 78 | 2 | 88.3 | 0.31 |
| ATOMIC | 4 | 4 | 103.6 | 0.33 |

================ C2) 【核心】低负载(~30%)并发干扰矩阵 ================
两条流各自只用 ~30% 链路带宽, 合计 ~60%, 链路远未打满。
此时若仍互相拖累 => 不是带宽不够, 而是队列/VC 结构性共享。

| A \ B | STORE | LOAD | ATOMIC |
|---|---|---|---|
| **STORE** | (1.00, 1.00) 208 | (1.00, 0.98) 130 | (1.00, 1.00) 203 |
| **LOAD** | (0.98, 1.00) 130 | (0.89, 0.89) 157 | (0.99, 0.99) 133 |
| **ATOMIC** | (1.00, 1.00) 203 | (1.00, 0.99) 133 | (1.00, 1.00) 207 |

低负载 solo 基线: STORE=103.8 LOAD=88.3 ATOMIC=103.6 GB/s (合计若无干扰应达 208/177/207)

================ D) 判读 ================
| 组合 | 全速 (rA,rB) | 低负载 (rA,rB) | 判定 |
|---|---|---|---|
| STORE+STORE | (0.50,0.50) | (1.00,1.00) | 独立通道 (低负载无干扰) |
| STORE+LOAD | (0.98,0.62) | (1.00,0.98) | 独立通道 (低负载无干扰) |
| STORE+ATOMIC | (0.77,0.24) | (1.00,1.00) | 独立通道 (低负载无干扰) |
| LOAD+LOAD | (0.65,0.65) | (0.89,0.89) | 带宽竞争 + 部分不公平 |
| LOAD+ATOMIC | (0.85,0.98) | (0.99,0.99) | 独立通道 (低负载无干扰) |
| ATOMIC+ATOMIC | (0.51,0.51) | (1.00,1.00) | 独立通道 (低负载无干扰) |

[done]
