# nv27_rw_duplex — NVIDIA H20 x4, 78 SM, 1.980 GHz

================ a) 单向 vs 同时读写 (GPU0 <-> GPU1) ================
| 场景 | 写 GB/s | 读 GB/s | 总 GB/s | 相对单向 |
|---|---|---|---|---|
| 只写 GPU0->GPU1 | 370.6 | - | 370.6 | 1.00x |
| 只读 GPU0<-GPU1 | - | 369.1 | 369.1 | 1.00x |
| 同时读+写 | 349.3 | 243.8 | 487.6 | 1.32x |

判据: 同时读写总带宽 / 只写带宽 = 1.32  (接近 2.0 => 全双工)

================ a2) 硬件计数器验证方向 (GPU0 视角, Tx=发出 Rx=收到) ================
只写             payload=  6442.5 MB | dataTx=  6442.5 dataRx=     0.0 rawTx=  7297.7 rawRx=  5840.5 MB | raw/data=2.039  wire/payload=2.039
只读             payload=  6442.5 MB | dataTx=     0.0 dataRx=  6442.5 rawTx=  4820.6 rawRx=  7269.1 MB | raw/data=1.877  wire/payload=1.877
同时读写       payload= 12884.9 MB | dataTx=  6442.5 dataRx=  6442.5 rawTx= 10315.4 rawRx= 11164.0 MB | raw/data=1.667  wire/payload=1.667
(只写: dataTx 应 >> dataRx；只读: dataRx 应 >> dataTx；
 同时读写: 两者应都很大 => 两个物理方向同时在跑)

================ b) 双向对打: GPU0 写 GPU1 同时 GPU1 写 GPU0 ================
| 场景 | 0->1 GB/s | 1->0 GB/s | 总 GB/s | 相对单向 |
|---|---|---|---|---|
| 单向 0->1 | 370.6 | - | 370.6 | 1.00x |
| 双向对打 | 365.4 | 366.3 | 730.9 | 1.97x |

公平性: |0->1 - 1->0| / 均值 = 0.2%
| 写占比 | 写 block | 读 block | 总有效 GB/s | vs 纯写 | vs 纯读 |
|---|---|---|---|---|---|
| 0% | 0 | 312 | 368.8 | 0.99x | 1.00x |
| 25% | 78 | 234 | 447.9 | 1.21x | 1.21x |
| 50% | 156 | 156 | 451.4 | 1.22x | 1.22x |
| 75% | 234 | 78 | 395.2 | 1.07x | 1.07x |
| 100% | 312 | 0 | 371.1 | 1.00x | 1.01x |

注: 单 kernel 内混合, 写 block 和读 block 各自 grid-stride 遍历,
    总搬运字节固定 = 3221 MB, 所以这里直接可比。

================ c2) 50/50 混合的方向字节分配 ================
50%写50%读       payload=  6442.5 MB | dataTx=  3222.0 dataRx=  3220.4 rawTx=  5231.0 rawRx=  5622.7 MB | raw/data=1.685  wire/payload=1.685

[done]
