# nv28_multi_peer — NVIDIA H20 x4, 78 SM, 1.980 GHz

================ A) 多 stream 一对多写 (每个目标一个 stream, 各自 grid=4*SM) ================
| 目标数 | GPU1 | GPU2 | GPU3 | 各目标和 | 墙钟聚合 | vs 单目标 | 份额std% |
|---|---|---|---|---|---|---|---|
| 1 | 370.4 | - | - | 370.4 | 370.4 | 1.00x | 0.0% |
| 2 | 207.1 | 184.9 | - | 392.0 | 369.8 | 1.06x | 5.7% |
| 3 | 167.8 | 128.0 | 123.1 | 419.0 | 369.4 | 1.13x | 14.3% |

================ B) 单 kernel 多目标 (block 轮转分配给不同目标, 排除 stream 调度干扰) ================
| 目标数 | 总有效 GB/s | vs 单目标 |
|---|---|---|
| 1 | 370.6 | 1.00x |
| 2 | 368.3 | 0.99x |
| 3 | 369.5 | 1.00x |

================ C) 硬件计数器: GPU0 出口总字节 vs 目标数 ================
1 个目标        payload=  3221.2 MB | dataTx=  3221.2 dataRx=     0.0 rawTx=  3647.6 rawRx=  2918.7 MB | raw/data=2.038  wire/payload=2.038
2 个目标        payload=  6442.5 MB | dataTx=  6442.5 dataRx=     0.0 rawTx=  7302.6 rawRx=  5844.2 MB | raw/data=2.041  wire/payload=2.041
3 个目标        payload=  9663.7 MB | dataTx=  9663.7 dataRx=     0.0 rawTx= 10954.6 rawRx=  8767.1 MB | raw/data=2.041  wire/payload=2.041
(dataTx 应 = np * 3221 MB; 若 GPU0 出口聚合共享, 时间会线性变长)

================ D) 判读 ================
单目标 370.4 GB/s, 3 目标各流之和 (见 A 表最后一行)
若 3 目标之和 ~= 单目标 -> GPU0 出口是共享聚合的, 370 GB/s 是全卡注入上限
若 3 目标之和 ~= 3x 单目标 -> 18 条 link 按目标静态划分

[done]
