# nv30_hbm_contend — NVIDIA H20 x4, 78 SM, 1.980 GHz

================ 0) 单独基线 ================
GPU1 本地 HBM 读写混合 (grid=312): 2942.1 GB/s
GPU0->GPU1 NVLink 写   (grid=312): 370.4 GB/s

================ 1) 强度档位标定 (各自单独跑) ================
| 档位 | GPU1本地HBM grid | HBM GB/s | NVLink grid | NVLink GB/s |
|---|---|---|---|---|
| 0(off) | 0 | 0.0 | 0 | 0.0 |
| 1/8 | 39 | 719.6 | 39 | 365.0 |
| 1/4 | 78 | 1247.7 | 78 | 370.4 |
| 1/2 | 156 | 2087.7 | 156 | 369.9 |
| full | 312 | 2941.6 | 312 | 370.0 |

================ 2) 二维干扰表: GPU1 本地 HBM 带宽 (GB/s)  [行=NVLink入流量强度, 列=本地强度] ================
| NVL\本地 | 1/8 | 1/4 | 1/2 | full |
|---|---|---|---|---|
| **0(off)** | 719 | 1246 | 2090 | 2938 |
| **1/8** | 662 | 1147 | 1939 | 2633 |
| **1/4** | 661 | 1145 | 1930 | 2622 |
| **1/2** | 660 | 1142 | 1931 | 2622 |
| **full** | 660 | 1144 | 1932 | 2625 |

(第一行 NVL=0(off) 是无 NVLink 干扰的本地基线)

================ 3) 二维干扰表: NVLink 带宽 (GB/s)  [行=NVLink强度, 列=GPU1本地强度] ================
| NVL\本地 | 1/8 | 1/4 | 1/2 | full |
|---|---|---|---|---|
| **1/8** | 366 | 365 | 366 | 365 |
| **1/4** | 371 | 369 | 371 | 370 |
| **1/2** | 370 | 370 | 370 | 370 |
| **full** | 370 | 370 | 370 | 370 |

参照: 各 NVLink 强度单独跑 = 1/8:365  1/4:370  1/2:370  full:370  

================ 4) 代价系数: 每 1 GB/s NVLink 入流量吃掉 GPU1 多少本地带宽 ================
固定本地强度 = full, 扫 NVLink 强度:
| NVLink 强度 | NVLink 实测 GB/s | GPU1 本地 GB/s | 本地损失 GB/s | 代价系数 |
|---|---|---|---|---|
| 1/8 | 365 | 2633 | 305 | 0.83 |
| 1/4 | 370 | 2622 | 317 | 0.85 |
| 1/2 | 370 | 2622 | 317 | 0.86 |
| full | 370 | 2625 | 313 | 0.85 |

(代价系数 ~1.0 => 远端写完全穿透到 GPU1 的 HBM, 1:1 吃本地带宽;
  <1.0 => 部分被 GPU1 的 L2 吸收)

================ 5) 发起端代价: GPU0 发远端写时, 自己的本地 HBM 带宽损失多少 ================
| 场景 | GPU0 本地 HBM GB/s | NVLink 出流量 GB/s |
|---|---|---|
| GPU0 只跑本地 (grid=312) | 2943.6 | - |
| GPU0 本地(1/2) + 远端写(1/2) | 601.7 | 369.4 |

发起端本地带宽损失 = 2341.8 GB/s, 每 1 GB/s 出流量代价 = 6.34

[done]
