# nv31_ce_vs_sm — NVIDIA H20 x4, 78 SM, 1.980 GHz
cudaDevAttrAsyncEngineCount: GPU0=3 GPU1=3

================ e) cudaMemcpyPeerAsync 启动开销 (小字节固定延迟) ================
| 字节 | 平均单次 us | 等效 GB/s |
|---|---|---|
| 0 | 0.03 | 0.0 |
| 4 | 1.89 | 0.0 |
| 256 | 1.88 | 0.1 |
| 4096 | 1.89 | 2.2 |
| 65536 | 1.89 | 34.6 |
| 1048576 | 4.85 | 216.0 |

================ a) size 扫描: CE (memcpyPeer) vs SM kernel 拷贝 ================
| 大小 | CE GB/s | CE us | SM GB/s | SM us | 胜者 |
|---|---|---|---|---|---|
| 4KB | 2.2 | 1.88 | 1.6 | 2.51 | CE |
| 16KB | 8.7 | 1.89 | 6.2 | 2.64 | CE |
| 64KB | 34.7 | 1.89 | 24.1 | 2.72 | CE |
| 256KB | 90.9 | 2.88 | 78.8 | 3.33 | CE |
| 1024KB | 216.1 | 4.85 | 190.2 | 5.51 | CE |
| 4096KB | 310.7 | 13.50 | 300.8 | 13.94 | CE |
| 16384KB | 367.8 | 45.62 | 354.4 | 47.34 | CE |
| 65536KB | 390.1 | 172.02 | 364.1 | 184.33 | CE |
| 262144KB | 395.6 | 678.60 | 368.0 | 729.49 | CE |
| 524288KB | 396.5 | 1354.06 | 368.6 | 1456.49 | CE |

================ b) 多 stream 并发 memcpyPeer (推断可用 copy engine 数) ================
| stream 数 | 总 GB/s | vs 1 stream |
|---|---|---|
| 1 | 390.7 | 1.00x |
| 2 | 390.5 | 1.00x |
| 4 | 390.1 | 1.00x |
| 8 | 389.2 | 1.00x |

================ c) CE 拷贝时计算 kernel 的性能损失 (量化 CE 的零 SM 占用) ================
| 场景 | 计算 kernel ms | 相对单独 | 并发拷贝 GB/s |
|---|---|---|---|
| 计算单独跑 | 0.21 | 1.00x | - |
| 计算 + CE 拷贝 | 0.21 | 1.009x | 390.3 |
| 计算 + SM 拷贝 | 0.22 | 1.070x | - |

(CE 行接近 1.00x => CE 真的零 SM 占用; SM 行应明显 >1)

================ d) CE + SM 同时打一条链路 ================
| 场景 | CE GB/s | SM GB/s | 合计 GB/s |
|---|---|---|---|
| CE 单独 | 395.3 | - | 395.3 |
| SM 单独 | - | 367.5 | 367.5 |
| CE + SM 并发 | 236.3 | 192.0 | 384.1 |

CE 份额 55%, SM 份额 45%

[done]
