# nv32_linkstripe — 18 条 NVLink 之间的流量分布与地址条带粒度
# NVIDIA H20 x4, 78 SM

================ A) 大范围顺序写 GPU0->GPU1: 18 条 link 均匀吗 ================
payload = 4295.0 MB
GPU0 Tx (发出)               total=  4295.0 MB  active_links=18/18  max= 239.08 MB min= 238.34 MB CV=0.001
   per-link MB: 239.1 239.1 238.3 238.3 238.4 238.4 238.3 238.3 238.6 238.6 238.9 238.9 238.4 238.4 238.9 238.9 238.5 238.5 
GPU0 Rx (收到,应为ack)     total=     0.0 MB  active_links= 0/18  max=   0.00 MB min=   0.00 MB CV=0.000
   per-link MB: 0.0 0.0 0.0 0.0 0.0 0.0 0.0 0.0 0.0 0.0 0.0 0.0 0.0 0.0 0.0 0.0 0.0 0.0 

================ B) 地址窗口扫描: 让 18 条 link 全用上需要多大的地址范围 ================
窗口 W 内反复写, 总 payload 固定 ~2GB。若 W 小时只有少数 link 有流量,
则 W_full/18 ≈ 地址条带粒度。

窗口W      payloadMB  活跃link CV       per-link MB (前18条)
256          512        1        4.123    512 0 0 0 0 0 0 0 0 0 0 0 0 0 0 0 0 0 
512          1024       2        2.828    512 512 0 0 0 0 0 0 0 0 0 0 0 0 0 0 0 0 
1024         2000       4        1.871    500 500 0 0 0 0 0 0 500 500 0 0 0 0 0 0 0 0 
2048         1999       6        1.541    500 500 0 0 0 0 0 0 250 250 0 0 0 0 0 0 250 250 
4096         2000       10       0.984    250 250 125 125 0 0 0 0 250 250 0 0 125 125 0 0 250 250 
8192         2000       18       0.354    187 187 125 125 62 62 62 62 125 125 125 125 125 125 62 62 125 125 
16384        2000       18       0.269    156 156 156 156 62 62 94 94 94 94 125 125 94 94 94 94 125 125 
32768        2000       18       0.181    141 141 109 109 94 94 94 94 141 141 109 109 109 109 78 78 125 125 
65536        2000       18       0.104    117 117 125 125 102 102 109 109 102 102 133 133 109 109 109 109 94 94 
131072       2000       18       0.053    117 117 121 121 105 105 109 109 109 109 109 109 109 109 102 102 117 117 
262144       2000       18       0.051    119 119 109 109 107 107 115 115 107 107 113 113 100 100 117 117 111 111 
524288       2000       18       0.041    114 114 112 112 109 109 117 117 107 107 107 107 103 103 113 113 116 116 
1048576      2000       18       0.052    114 114 116 116 104 104 118 118 103 103 113 113 102 102 114 114 116 116 
2097152      1999       18       0.041    111 111 116 116 106 106 117 117 105 105 110 110 105 105 112 112 116 116 
4194304      1996       18       0.016    110 110 113 113 109 109 113 113 109 109 110 110 109 109 110 110 113 113 

================ C) 同样流量发给不同 peer: link 使用集合是否随目标改变 ================
GPU0 -> GPU1 Tx                total=  2147.5 MB  active_links=18/18  max= 119.54 MB min= 119.17 MB CV=0.001
   per-link MB: 119.5 119.5 119.2 119.2 119.2 119.2 119.2 119.2 119.3 119.3 119.5 119.5 119.2 119.2 119.5 119.5 119.3 119.3 
GPU0 -> GPU2 Tx                total=  2147.5 MB  active_links=18/18  max= 119.54 MB min= 119.17 MB CV=0.001
   per-link MB: 119.5 119.5 119.2 119.2 119.2 119.2 119.2 119.2 119.3 119.3 119.5 119.5 119.2 119.2 119.5 119.5 119.3 119.3 
GPU0 -> GPU3 Tx                total=  2147.5 MB  active_links=18/18  max= 119.54 MB min= 119.17 MB CV=0.001
   per-link MB: 119.5 119.5 119.2 119.2 119.2 119.2 119.2 119.2 119.3 119.3 119.5 119.5 119.2 119.2 119.5 119.5 119.3 119.3 

================ C2) 同时发给 3 个 peer ================
GPU0 -> {1,2,3} Tx             total=  6442.5 MB  active_links=18/18  max= 358.62 MB min= 357.51 MB CV=0.001
   per-link MB: 358.6 358.6 357.5 357.5 357.6 357.6 357.5 357.5 357.9 357.9 358.4 358.4 357.6 357.6 358.4 358.4 357.8 357.8 

[done]
