# nv34_remote_tlb — 远端访问的地址翻译代价
# NVIDIA H20 x4, SM clk 1.980 GHz

================ A) TLB reach: 每跳跨 2MB 页, 页数 N 扫描 ================
cached = 普通 ld (可命中 L1/L2)；bypass = ld.global.cv (绕过缓存, 隔离 TLB)
页数N  覆盖     本地cached 远端cached 本地bypass 远端bypass
1        2 MB       41          41          297         1616       
2        4 MB       41          41          278         1579       
4        8 MB       41          41          274         1581       
8        16 MB      41          41          282         1589       
16       32 MB      41          41          280         1590       
32       64 MB      41          41          285         1586       
64       128 MB     41          41          284         1587       
128      256 MB     41          41          283         1586       
256      512 MB     41          41          289         1586       
512      1.0 GB     41          41          291         1596       
1024     2.0 GB     41          41          291         1603       
2048     4.0 GB     167         1120        292         1606       
4096     8.0 GB     293         1608        293         1608       
8192     16.0 GB    294         1610        294         1610       
(cycles @ 1.98 GHz; 1 cyc = 0.505 ns)

================ B) peer 独立分配数量 K: 映射槽位会不会用完 ================
串行指针环跨 K 块独立 2MB peer 分配, 每次访问都是一次完整远端往返
K        覆盖(MB)       延迟 cyc  
1        2                1559        
2        4                1605        
4        8                1647        
8        16               1614        
16       32               1615        
32       64               1613        
64       128              1612        
128      256              1614        
256      512              1614        
512      1024             1615        
1024     2048             1615        

================ C) 远端写带宽: 1 块连续 2GB vs K 块打散的 2MB ================
1 块连续 1GB                             370.8 GB/s
8 块独立 2MB (共 16 MB)                 351.3 GB/s
32 块独立 2MB (共 64 MB)                340.5 GB/s
128 块独立 2MB (共 256 MB)              305.1 GB/s
512 块独立 2MB (共 1024 MB)             371.1 GB/s

[done]
